Mar  2 02:33:28 team5 kernel: [   18.038898] loop8: detected capacity change from 0 to 8
Mar  2 02:37:02 team5 kernel: [  232.150009] blkfront: xvdf: barrier or flush: disabled; persistent grants: disabled; indirect descriptors: enabled; bounce buffer: disabled;
Mar  2 02:37:39 team5 kernel: [  269.027405] blkfront: xvdg: barrier or flush: disabled; persistent grants: disabled; indirect descriptors: enabled; bounce buffer: disabled;
Mar  2 02:38:38 team5 kernel: [  327.590706] blkfront: xvdh: barrier or flush: disabled; persistent grants: disabled; indirect descriptors: enabled; bounce buffer: disabled;
Mar  2 02:39:04 team5 kernel: [  353.818208] blkfront: xvdi: barrier or flush: disabled; persistent grants: disabled; indirect descriptors: enabled; bounce buffer: disabled;
Mar  2 02:39:36 team5 kernel: [  386.134685] blkfront: xvdj: barrier or flush: disabled; persistent grants: disabled; indirect descriptors: enabled; bounce buffer: disabled;
Mar  2 03:04:34 team5 kernel: [ 1883.519324] EXT4-fs (xvdf): mounting ext2 file system using the ext4 subsystem
Mar  2 03:04:34 team5 kernel: [ 1883.521867] EXT4-fs (xvdf): mounted filesystem without journal. Opts: (null). Quota mode: none.
Mar  2 03:04:49 team5 kernel: [ 1898.779409] EXT4-fs (xvdg): mounting ext2 file system using the ext4 subsystem
Mar  2 03:04:49 team5 kernel: [ 1898.781965] EXT4-fs (xvdg): mounted filesystem without journal. Opts: (null). Quota mode: none.
Mar  2 03:05:04 team5 kernel: [ 1914.020143] EXT4-fs (xvdh): mounting ext2 file system using the ext4 subsystem
Mar  2 03:05:04 team5 kernel: [ 1914.022190] EXT4-fs (xvdh): mounted filesystem without journal. Opts: (null). Quota mode: none.
Mar  2 03:05:20 team5 kernel: [ 1929.244614] EXT4-fs (xvdi): mounting ext2 file system using the ext4 subsystem
Mar  2 03:05:20 team5 kernel: [ 1929.246936] EXT4-fs (xvdi): mounted filesystem without journal. Opts: (null). Quota mode: none.
Mar  2 03:37:07 team5 kernel: [ 3836.343424] EXT4-fs (xvdf): mounting ext2 file system using the ext4 subsystem
Mar  2 03:37:07 team5 kernel: [ 3836.346089] EXT4-fs (xvdf): mounted filesystem without journal. Opts: (null). Quota mode: none.
Mar  2 03:38:04 team5 kernel: [ 3893.954406] EXT4-fs (xvdg): mounting ext2 file system using the ext4 subsystem
Mar  2 03:38:04 team5 kernel: [ 3893.958344] EXT4-fs (xvdg): mounted filesystem without journal. Opts: (null). Quota mode: none.
Mar  2 03:38:29 team5 kernel: [ 3918.336479] EXT4-fs (xvdh): mounting ext2 file system using the ext4 subsystem
Mar  2 03:38:29 team5 kernel: [ 3918.339772] EXT4-fs (xvdh): mounted filesystem without journal. Opts: (null). Quota mode: none.
Mar  2 03:38:52 team5 kernel: [ 3941.731373] EXT4-fs (xvdi): mounting ext2 file system using the ext4 subsystem
Mar  2 03:38:52 team5 kernel: [ 3941.733757] EXT4-fs (xvdi): mounted filesystem without journal. Opts: (null). Quota mode: none.
Mar  2 17:15:15 team5 kernel: [    0.000000] Linux version 5.15.0-1030-aws (buildd@lcy02-amd64-051) (gcc (Ubuntu 9.4.0-1ubuntu1~20.04.1) 9.4.0, GNU ld (GNU Binutils for Ubuntu) 2.34) #34~20.04.1-Ubuntu SMP Tue Jan 24 15:16:46 UTC 2023 (Ubuntu 5.15.0-1030.34~20.04.1-aws 5.15.78)
Mar  2 17:15:15 team5 kernel: [    0.000000] Command line: BOOT_IMAGE=/boot/vmlinuz-5.15.0-1030-aws root=PARTUUID=b6f09fc9-a0ef-4282-a149-e9c131355c9f ro console=tty1 console=ttyS0 nvme_core.io_timeout=4294967295 panic=-1
Mar  2 17:15:15 team5 kernel: [    0.000000] KERNEL supported cpus:
Mar  2 17:15:15 team5 kernel: [    0.000000]   Intel GenuineIntel
Mar  2 17:15:15 team5 kernel: [    0.000000]   AMD AuthenticAMD
Mar  2 17:15:15 team5 kernel: [    0.000000]   Hygon HygonGenuine
Mar  2 17:15:15 team5 kernel: [    0.000000]   Centaur CentaurHauls
Mar  2 17:15:15 team5 kernel: [    0.000000]   zhaoxin   Shanghai  
Mar  2 17:15:15 team5 kernel: [    0.000000] x86/fpu: Supporting XSAVE feature 0x001: 'x87 floating point registers'
Mar  2 17:15:15 team5 kernel: [    0.000000] x86/fpu: Supporting XSAVE feature 0x002: 'SSE registers'
Mar  2 17:15:15 team5 kernel: [    0.000000] x86/fpu: Supporting XSAVE feature 0x004: 'AVX registers'
Mar  2 17:15:15 team5 kernel: [    0.000000] x86/fpu: xstate_offset[2]:  576, xstate_sizes[2]:  256
Mar  2 17:15:15 team5 kernel: [    0.000000] x86/fpu: Enabled xstate features 0x7, context size is 832 bytes, using 'standard' format.
Mar  2 17:15:15 team5 kernel: [    0.000000] signal: max sigframe size: 1776
Mar  2 17:15:15 team5 kernel: [    0.000000] BIOS-provided physical RAM map:
Mar  2 17:15:15 team5 kernel: [    0.000000] BIOS-e820: [mem 0x0000000000000000-0x000000000009dfff] usable
Mar  2 17:15:15 team5 kernel: [    0.000000] BIOS-e820: [mem 0x000000000009e000-0x000000000009ffff] reserved
Mar  2 17:15:15 team5 kernel: [    0.000000] BIOS-e820: [mem 0x00000000000e0000-0x00000000000fffff] reserved
Mar  2 17:15:15 team5 kernel: [    0.000000] BIOS-e820: [mem 0x0000000000100000-0x000000003fffffff] usable
Mar  2 17:15:15 team5 kernel: [    0.000000] BIOS-e820: [mem 0x00000000fc000000-0x00000000ffffffff] reserved
Mar  2 17:15:15 team5 kernel: [    0.000000] NX (Execute Disable) protection: active
Mar  2 17:15:15 team5 kernel: [    0.000000] SMBIOS 2.7 present.
Mar  2 17:15:15 team5 kernel: [    0.000000] DMI: Xen HVM domU, BIOS 4.11.amazon 08/24/2006
Mar  2 17:15:15 team5 kernel: [    0.000000] Hypervisor detected: Xen HVM
Mar  2 17:15:15 team5 kernel: [    0.000000] Xen version 4.11.
Mar  2 17:15:15 team5 kernel: [    0.000000] platform_pci_unplug: Netfront and the Xen platform PCI driver have been compiled for this kernel: unplug emulated NICs.
Mar  2 17:15:15 team5 kernel: [    0.000000] platform_pci_unplug: Blkfront and the Xen platform PCI driver have been compiled for this kernel: unplug emulated disks.
Mar  2 17:15:15 team5 kernel: [    0.000000] You might have to change the root device
Mar  2 17:15:15 team5 kernel: [    0.000000] from /dev/hd[a-d] to /dev/xvd[a-d]
Mar  2 17:15:15 team5 kernel: [    0.000000] in your root= kernel command line option
Mar  2 17:15:15 team5 kernel: [    0.000006] HVMOP_pagetable_dying not supported
Mar  2 17:15:15 team5 kernel: [    0.021261] tsc: Fast TSC calibration using PIT
Mar  2 17:15:15 team5 kernel: [    0.021263] tsc: Detected 2300.159 MHz processor
Mar  2 17:15:15 team5 kernel: [    0.021265] tsc: Detected 2300.008 MHz TSC
Mar  2 17:15:15 team5 kernel: [    0.021721] e820: update [mem 0x00000000-0x00000fff] usable ==> reserved
Mar  2 17:15:15 team5 kernel: [    0.021726] e820: remove [mem 0x000a0000-0x000fffff] usable
Mar  2 17:15:15 team5 kernel: [    0.021731] last_pfn = 0x40000 max_arch_pfn = 0x400000000
Mar  2 17:15:15 team5 kernel: [    0.021774] x86/PAT: Configuration [0-7]: WB  WC  UC- UC  WB  WP  UC- WT  
Mar  2 17:15:15 team5 kernel: [    0.029195] found SMP MP-table at [mem 0x000fb9a0-0x000fb9af]
Mar  2 17:15:15 team5 kernel: [    0.029335] RAMDISK: [mem 0x3764b000-0x37b1cfff]
Mar  2 17:15:15 team5 kernel: [    0.029341] ACPI: Early table checksum verification disabled
Mar  2 17:15:15 team5 kernel: [    0.029346] ACPI: RSDP 0x00000000000EA020 000024 (v02 Xen   )
Mar  2 17:15:15 team5 kernel: [    0.029351] ACPI: XSDT 0x00000000FC00C780 000054 (v01 Xen    HVM      00000000 HVML 00000000)
Mar  2 17:15:15 team5 kernel: [    0.029358] ACPI: FACP 0x00000000FC00C440 0000F4 (v04 Xen    HVM      00000000 HVML 00000000)
Mar  2 17:15:15 team5 kernel: [    0.029365] ACPI: DSDT 0x00000000FC003940 008A7E (v02 Xen    HVM      00000000 INTL 20090123)
Mar  2 17:15:15 team5 kernel: [    0.029369] ACPI: FACS 0x00000000FC003900 000040
Mar  2 17:15:15 team5 kernel: [    0.029373] ACPI: FACS 0x00000000FC003900 000040
Mar  2 17:15:15 team5 kernel: [    0.029382] ACPI: APIC 0x00000000FC00C540 0000D8 (v02 Xen    HVM      00000000 HVML 00000000)
Mar  2 17:15:15 team5 kernel: [    0.029387] ACPI: HPET 0x00000000FC00C690 000038 (v01 Xen    HVM      00000000 HVML 00000000)
Mar  2 17:15:15 team5 kernel: [    0.029391] ACPI: WAET 0x00000000FC00C6D0 000028 (v01 Xen    HVM      00000000 HVML 00000000)
Mar  2 17:15:15 team5 kernel: [    0.029395] ACPI: SSDT 0x00000000FC00C700 000031 (v02 Xen    HVM      00000000 INTL 20090123)
Mar  2 17:15:15 team5 kernel: [    0.029399] ACPI: SSDT 0x00000000FC00C740 000033 (v02 Xen    HVM      00000000 INTL 20090123)
Mar  2 17:15:15 team5 kernel: [    0.029403] ACPI: Reserving FACP table memory at [mem 0xfc00c440-0xfc00c533]
Mar  2 17:15:15 team5 kernel: [    0.029405] ACPI: Reserving DSDT table memory at [mem 0xfc003940-0xfc00c3bd]
Mar  2 17:15:15 team5 kernel: [    0.029407] ACPI: Reserving FACS table memory at [mem 0xfc003900-0xfc00393f]
Mar  2 17:15:15 team5 kernel: [    0.029409] ACPI: Reserving FACS table memory at [mem 0xfc003900-0xfc00393f]
Mar  2 17:15:15 team5 kernel: [    0.029410] ACPI: Reserving APIC table memory at [mem 0xfc00c540-0xfc00c617]
Mar  2 17:15:15 team5 kernel: [    0.029411] ACPI: Reserving HPET table memory at [mem 0xfc00c690-0xfc00c6c7]
Mar  2 17:15:15 team5 kernel: [    0.029413] ACPI: Reserving WAET table memory at [mem 0xfc00c6d0-0xfc00c6f7]
Mar  2 17:15:15 team5 kernel: [    0.029414] ACPI: Reserving SSDT table memory at [mem 0xfc00c700-0xfc00c730]
Mar  2 17:15:15 team5 kernel: [    0.029416] ACPI: Reserving SSDT table memory at [mem 0xfc00c740-0xfc00c772]
Mar  2 17:15:15 team5 kernel: [    0.032832] No NUMA configuration found
Mar  2 17:15:15 team5 kernel: [    0.032838] Faking a node at [mem 0x0000000000000000-0x000000003fffffff]
Mar  2 17:15:15 team5 kernel: [    0.032849] NODE_DATA(0) allocated [mem 0x3ffd6000-0x3fffffff]
Mar  2 17:15:15 team5 kernel: [    0.033134] Zone ranges:
Mar  2 17:15:15 team5 kernel: [    0.033136]   DMA      [mem 0x0000000000001000-0x0000000000ffffff]
Mar  2 17:15:15 team5 kernel: [    0.033139]   DMA32    [mem 0x0000000001000000-0x000000003fffffff]
Mar  2 17:15:15 team5 kernel: [    0.033141]   Normal   empty
Mar  2 17:15:15 team5 kernel: [    0.033143]   Device   empty
Mar  2 17:15:15 team5 kernel: [    0.033144] Movable zone start for each node
Mar  2 17:15:15 team5 kernel: [    0.033148] Early memory node ranges
Mar  2 17:15:15 team5 kernel: [    0.033149]   node   0: [mem 0x0000000000001000-0x000000000009dfff]
Mar  2 17:15:15 team5 kernel: [    0.033151]   node   0: [mem 0x0000000000100000-0x000000003fffffff]
Mar  2 17:15:15 team5 kernel: [    0.033154] Initmem setup node 0 [mem 0x0000000000001000-0x000000003fffffff]
Mar  2 17:15:15 team5 kernel: [    0.033160] On node 0, zone DMA: 1 pages in unavailable ranges
Mar  2 17:15:15 team5 kernel: [    0.033200] On node 0, zone DMA: 98 pages in unavailable ranges
Mar  2 17:15:15 team5 kernel: [    0.037398] ACPI: PM-Timer IO Port: 0xb008
Mar  2 17:15:15 team5 kernel: [    0.037457] IOAPIC[0]: apic_id 1, version 17, address 0xfec00000, GSI 0-47
Mar  2 17:15:15 team5 kernel: [    0.037461] ACPI: INT_SRC_OVR (bus 0 bus_irq 0 global_irq 2 dfl dfl)
Mar  2 17:15:15 team5 kernel: [    0.037465] ACPI: INT_SRC_OVR (bus 0 bus_irq 5 global_irq 5 low level)
Mar  2 17:15:15 team5 kernel: [    0.037466] ACPI: INT_SRC_OVR (bus 0 bus_irq 10 global_irq 10 low level)
Mar  2 17:15:15 team5 kernel: [    0.037468] ACPI: INT_SRC_OVR (bus 0 bus_irq 11 global_irq 11 low level)
Mar  2 17:15:15 team5 kernel: [    0.037473] ACPI: Using ACPI (MADT) for SMP configuration information
Mar  2 17:15:15 team5 kernel: [    0.037475] ACPI: HPET id: 0x8086a201 base: 0xfed00000
Mar  2 17:15:15 team5 kernel: [    0.037479] TSC deadline timer available
Mar  2 17:15:15 team5 kernel: [    0.037487] smpboot: Allowing 15 CPUs, 14 hotplug CPUs
Mar  2 17:15:15 team5 kernel: [    0.037497] PM: hibernation: Registered nosave memory: [mem 0x00000000-0x00000fff]
Mar  2 17:15:15 team5 kernel: [    0.037500] PM: hibernation: Registered nosave memory: [mem 0x0009e000-0x0009ffff]
Mar  2 17:15:15 team5 kernel: [    0.037501] PM: hibernation: Registered nosave memory: [mem 0x000a0000-0x000dffff]
Mar  2 17:15:15 team5 kernel: [    0.037503] PM: hibernation: Registered nosave memory: [mem 0x000e0000-0x000fffff]
Mar  2 17:15:15 team5 kernel: [    0.037506] [mem 0x40000000-0xfbffffff] available for PCI devices
Mar  2 17:15:15 team5 kernel: [    0.037508] Booting paravirtualized kernel on Xen HVM
Mar  2 17:15:15 team5 kernel: [    0.037511] clocksource: refined-jiffies: mask: 0xffffffff max_cycles: 0xffffffff, max_idle_ns: 7645519600211568 ns
Mar  2 17:15:15 team5 kernel: [    0.037519] setup_percpu: NR_CPUS:8192 nr_cpumask_bits:15 nr_cpu_ids:15 nr_node_ids:1
Mar  2 17:15:15 team5 kernel: [    0.038542] percpu: Embedded 60 pages/cpu s208896 r8192 d28672 u262144
Mar  2 17:15:15 team5 kernel: [    0.038549] pcpu-alloc: s208896 r8192 d28672 u262144 alloc=1*2097152
Mar  2 17:15:15 team5 kernel: [    0.038551] pcpu-alloc: [0] 00 01 02 03 04 05 06 07 [0] 08 09 10 11 12 13 14 -- 
Mar  2 17:15:15 team5 kernel: [    0.038610] xen: PV spinlocks enabled
Mar  2 17:15:15 team5 kernel: [    0.038613] PV qspinlock hash table entries: 256 (order: 0, 4096 bytes, linear)
Mar  2 17:15:15 team5 kernel: [    0.038620] Built 1 zonelists, mobility grouping on.  Total pages: 257792
Mar  2 17:15:15 team5 kernel: [    0.038622] Policy zone: DMA32
Mar  2 17:15:15 team5 kernel: [    0.038624] Kernel command line: BOOT_IMAGE=/boot/vmlinuz-5.15.0-1030-aws root=PARTUUID=b6f09fc9-a0ef-4282-a149-e9c131355c9f ro console=tty1 console=ttyS0 nvme_core.io_timeout=4294967295 panic=-1
Mar  2 17:15:15 team5 kernel: [    0.038717] Unknown kernel command line parameters "BOOT_IMAGE=/boot/vmlinuz-5.15.0-1030-aws", will be passed to user space.
Mar  2 17:15:15 team5 kernel: [    0.038912] Dentry cache hash table entries: 131072 (order: 8, 1048576 bytes, linear)
Mar  2 17:15:15 team5 kernel: [    0.039012] Inode-cache hash table entries: 65536 (order: 7, 524288 bytes, linear)
Mar  2 17:15:15 team5 kernel: [    0.039180] mem auto-init: stack:off, heap alloc:on, heap free:off
Mar  2 17:15:15 team5 kernel: [    0.041160] Memory: 975484K/1048180K available (16393K kernel code, 4382K rwdata, 10852K rodata, 3240K init, 6560K bss, 72436K reserved, 0K cma-reserved)
Mar  2 17:15:15 team5 kernel: [    0.041534] SLUB: HWalign=64, Order=0-3, MinObjects=0, CPUs=15, Nodes=1
Mar  2 17:15:15 team5 kernel: [    0.041553] Kernel/User page tables isolation: enabled
Mar  2 17:15:15 team5 kernel: [    0.041571] ftrace: allocating 50227 entries in 197 pages
Mar  2 17:15:15 team5 kernel: [    0.069475] ftrace: allocated 197 pages with 4 groups
Mar  2 17:15:15 team5 kernel: [    0.069695] rcu: Hierarchical RCU implementation.
Mar  2 17:15:15 team5 kernel: [    0.069697] rcu: 	RCU restricting CPUs from NR_CPUS=8192 to nr_cpu_ids=15.
Mar  2 17:15:15 team5 kernel: [    0.069699] 	Rude variant of Tasks RCU enabled.
Mar  2 17:15:15 team5 kernel: [    0.069700] 	Tracing variant of Tasks RCU enabled.
Mar  2 17:15:15 team5 kernel: [    0.069701] rcu: RCU calculated value of scheduler-enlistment delay is 25 jiffies.
Mar  2 17:15:15 team5 kernel: [    0.069703] rcu: Adjusting geometry for rcu_fanout_leaf=16, nr_cpu_ids=15
Mar  2 17:15:15 team5 kernel: [    0.074579] NR_IRQS: 524544, nr_irqs: 952, preallocated irqs: 16
Mar  2 17:15:15 team5 kernel: [    0.074616] xen:events: Using 2-level ABI
Mar  2 17:15:15 team5 kernel: [    0.074675] xen:events: Xen HVM callback vector for event delivery is enabled
Mar  2 17:15:15 team5 kernel: [    0.074844] random: crng init done
Mar  2 17:15:15 team5 kernel: [    0.160480] Console: colour VGA+ 80x25
Mar  2 17:15:15 team5 kernel: [    0.285203] printk: console [tty1] enabled
Mar  2 17:15:15 team5 kernel: [    0.285872] Cannot get hvm parameter CONSOLE_EVTCHN (18): -22!
Mar  2 17:15:15 team5 kernel: [    0.902466] printk: console [ttyS0] enabled
Mar  2 17:15:15 team5 kernel: [    0.906048] ACPI: Core revision 20210730
Mar  2 17:15:15 team5 kernel: [    0.909773] clocksource: hpet: mask: 0xffffffff max_cycles: 0xffffffff, max_idle_ns: 30580167144 ns
Mar  2 17:15:15 team5 kernel: [    0.918033] APIC: Switch to symmetric I/O mode setup
Mar  2 17:15:15 team5 kernel: [    0.923319] x2apic: IRQ remapping doesn't support X2APIC mode
Mar  2 17:15:15 team5 kernel: [    0.929034] Switched APIC routing to physical flat.
Mar  2 17:15:15 team5 kernel: [    0.936353] ..TIMER: vector=0x30 apic1=0 pin1=2 apic2=0 pin2=0
Mar  2 17:15:15 team5 kernel: [    0.961707] clocksource: tsc-early: mask: 0xffffffffffffffff max_cycles: 0x21273cea6a0, max_idle_ns: 440795295103 ns
Mar  2 17:15:15 team5 kernel: [    0.970747] Calibrating delay loop (skipped), value calculated using timer frequency.. 4600.01 BogoMIPS (lpj=9200032)
Mar  2 17:15:15 team5 kernel: [    0.978743] pid_max: default: 32768 minimum: 301
Mar  2 17:15:15 team5 kernel: [    0.982791] LSM: Security Framework initializing
Mar  2 17:15:15 team5 kernel: [    0.986759] landlock: Up and running.
Mar  2 17:15:15 team5 kernel: [    0.990744] Yama: becoming mindful.
Mar  2 17:15:15 team5 kernel: [    0.994777] AppArmor: AppArmor initialized
Mar  2 17:15:15 team5 kernel: [    0.998797] Mount-cache hash table entries: 2048 (order: 2, 16384 bytes, linear)
Mar  2 17:15:15 team5 kernel: [    1.006746] Mountpoint-cache hash table entries: 2048 (order: 2, 16384 bytes, linear)
Mar  2 17:15:15 team5 kernel: [    1.014907] Last level iTLB entries: 4KB 64, 2MB 8, 4MB 8
Mar  2 17:15:15 team5 kernel: [    1.018744] Last level dTLB entries: 4KB 64, 2MB 0, 4MB 0, 1GB 4
Mar  2 17:15:15 team5 kernel: [    1.026747] Spectre V1 : Mitigation: usercopy/swapgs barriers and __user pointer sanitization
Mar  2 17:15:15 team5 kernel: [    1.034745] Spectre V2 : Mitigation: Retpolines
Mar  2 17:15:15 team5 kernel: [    1.042744] Spectre V2 : Spectre v2 / SpectreRSB mitigation: Filling RSB on context switch
Mar  2 17:15:15 team5 kernel: [    1.050744] Spectre V2 : Spectre v2 / SpectreRSB : Filling RSB on VMEXIT
Mar  2 17:15:15 team5 kernel: [    1.058744] Speculative Store Bypass: Vulnerable
Mar  2 17:15:15 team5 kernel: [    1.062752] MDS: Vulnerable: Clear CPU buffers attempted, no microcode
Mar  2 17:15:15 team5 kernel: [    1.070744] MMIO Stale Data: Vulnerable: Clear CPU buffers attempted, no microcode
Mar  2 17:15:15 team5 kernel: [    1.106579] clocksource: xen: mask: 0xffffffffffffffff max_cycles: 0x1cd42e4dffb, max_idle_ns: 881590591483 ns
Mar  2 17:15:15 team5 kernel: [    1.114761] Xen: using vcpuop timer interface
Mar  2 17:15:15 team5 kernel: [    1.114772] installing Xen timer for CPU 0
Mar  2 17:15:15 team5 kernel: [    1.118837] smpboot: CPU0: Intel(R) Xeon(R) CPU E5-2686 v4 @ 2.30GHz (family: 0x6, model: 0x4f, stepping: 0x1)
Mar  2 17:15:15 team5 kernel: [    1.122796] cpu 0 spinlock event irq 53
Mar  2 17:15:15 team5 kernel: [    1.126958] Performance Events: unsupported p6 CPU model 79 no PMU driver, software events only.
Mar  2 17:15:15 team5 kernel: [    1.130792] rcu: Hierarchical SRCU implementation.
Mar  2 17:15:15 team5 kernel: [    1.135221] NMI watchdog: Perf NMI watchdog permanently disabled
Mar  2 17:15:15 team5 kernel: [    1.138995] smp: Bringing up secondary CPUs ...
Mar  2 17:15:15 team5 kernel: [    1.142751] smp: Brought up 1 node, 1 CPU
Mar  2 17:15:15 team5 kernel: [    1.146748] smpboot: Max logical packages: 15
Mar  2 17:15:15 team5 kernel: [    1.150193] smpboot: Total of 1 processors activated (4600.01 BogoMIPS)
Mar  2 17:15:15 team5 kernel: [    1.150988] devtmpfs: initialized
Mar  2 17:15:15 team5 kernel: [    1.154309] x86/mm: Memory block size: 128MB
Mar  2 17:15:15 team5 kernel: [    1.155051] clocksource: jiffies: mask: 0xffffffff max_cycles: 0xffffffff, max_idle_ns: 7645041785100000 ns
Mar  2 17:15:15 team5 kernel: [    1.158823] futex hash table entries: 4096 (order: 6, 262144 bytes, linear)
Mar  2 17:15:15 team5 kernel: [    1.162848] pinctrl core: initialized pinctrl subsystem
Mar  2 17:15:15 team5 kernel: [    1.166894] PM: RTC time: 17:14:59, date: 2023-03-02
Mar  2 17:15:15 team5 kernel: [    1.170979] NET: Registered PF_NETLINK/PF_ROUTE protocol family
Mar  2 17:15:15 team5 kernel: [    1.174908] DMA: preallocated 128 KiB GFP_KERNEL pool for atomic allocations
Mar  2 17:15:15 team5 kernel: [    1.178787] DMA: preallocated 128 KiB GFP_KERNEL|GFP_DMA pool for atomic allocations
Mar  2 17:15:15 team5 kernel: [    1.182786] DMA: preallocated 128 KiB GFP_KERNEL|GFP_DMA32 pool for atomic allocations
Mar  2 17:15:15 team5 kernel: [    1.186764] audit: initializing netlink subsys (disabled)
Mar  2 17:15:15 team5 kernel: [    1.190989] thermal_sys: Registered thermal governor 'fair_share'
Mar  2 17:15:15 team5 kernel: [    1.190991] thermal_sys: Registered thermal governor 'bang_bang'
Mar  2 17:15:15 team5 kernel: [    1.194755] audit: type=2000 audit(1677777299.345:1): state=initialized audit_enabled=0 res=1
Mar  2 17:15:15 team5 kernel: [    1.202754] thermal_sys: Registered thermal governor 'step_wise'
Mar  2 17:15:15 team5 kernel: [    1.202756] thermal_sys: Registered thermal governor 'user_space'
Mar  2 17:15:15 team5 kernel: [    1.206749] thermal_sys: Registered thermal governor 'power_allocator'
Mar  2 17:15:15 team5 kernel: [    1.210770] EISA bus registered
Mar  2 17:15:15 team5 kernel: [    1.217905] cpuidle: using governor ladder
Mar  2 17:15:15 team5 kernel: [    1.218750] cpuidle: using governor menu
Mar  2 17:15:15 team5 kernel: [    1.222802] ACPI: bus type PCI registered
Mar  2 17:15:15 team5 kernel: [    1.226749] acpiphp: ACPI Hot Plug PCI Controller Driver version: 0.5
Mar  2 17:15:15 team5 kernel: [    1.231367] PCI: Using configuration type 1 for base access
Mar  2 17:15:15 team5 kernel: [    1.236178] Kprobes globally optimized
Mar  2 17:15:15 team5 kernel: [    1.238912] HugeTLB registered 2.00 MiB page size, pre-allocated 0 pages
Mar  2 17:15:15 team5 kernel: [    1.243780] ACPI: Added _OSI(Module Device)
Mar  2 17:15:15 team5 kernel: [    1.246778] ACPI: Added _OSI(Processor Device)
Mar  2 17:15:15 team5 kernel: [    1.250466] ACPI: Added _OSI(3.0 _SCP Extensions)
Mar  2 17:15:15 team5 kernel: [    1.250782] ACPI: Added _OSI(Processor Aggregator Device)
Mar  2 17:15:15 team5 kernel: [    1.254757] ACPI: Added _OSI(Linux-Dell-Video)
Mar  2 17:15:15 team5 kernel: [    1.258655] ACPI: Added _OSI(Linux-Lenovo-NV-HDMI-Audio)
Mar  2 17:15:15 team5 kernel: [    1.258759] ACPI: Added _OSI(Linux-HPI-Hybrid-Graphics)
Mar  2 17:15:15 team5 kernel: [    1.268670] ACPI: 3 ACPI AML tables successfully acquired and loaded
Mar  2 17:15:15 team5 kernel: [    1.271449] xen: --> pirq=16 -> irq=9 (gsi=9)
Mar  2 17:15:15 team5 kernel: [    1.272761] ACPI: Interpreter enabled
Mar  2 17:15:15 team5 kernel: [    1.274761] ACPI: PM: (supports S0 S4 S5)
Mar  2 17:15:15 team5 kernel: [    1.278204] ACPI: Using IOAPIC for interrupt routing
Mar  2 17:15:15 team5 kernel: [    1.278774] PCI: Using host bridge windows from ACPI; if necessary, use "pci=nocrs" and report a bug
Mar  2 17:15:15 team5 kernel: [    1.282751] PCI: Using E820 reservations for host bridge windows
Mar  2 17:15:15 team5 kernel: [    1.287149] ACPI: Enabled 2 GPEs in block 00 to 0F
Mar  2 17:15:15 team5 kernel: [    1.322298] ACPI: PCI Root Bridge [PCI0] (domain 0000 [bus 00-ff])
Mar  2 17:15:15 team5 kernel: [    1.322759] acpi PNP0A03:00: _OSC: OS supports [ASPM ClockPM Segments MSI EDR HPX-Type3]
Mar  2 17:15:15 team5 kernel: [    1.326776] acpi PNP0A03:00: fail to add MMCONFIG information, can't access extended PCI configuration space under this bridge.
Mar  2 17:15:15 team5 kernel: [    1.332277] acpiphp: Slot [0] registered
Mar  2 17:15:15 team5 kernel: [    1.335918] acpiphp: Slot [3] registered
Mar  2 17:15:15 team5 kernel: [    1.339174] acpiphp: Slot [4] registered
Mar  2 17:15:15 team5 kernel: [    1.343168] acpiphp: Slot [5] registered
Mar  2 17:15:15 team5 kernel: [    1.346999] acpiphp: Slot [6] registered
Mar  2 17:15:15 team5 kernel: [    1.351143] acpiphp: Slot [7] registered
Mar  2 17:15:15 team5 kernel: [    1.354760] acpiphp: Slot [8] registered
Mar  2 17:15:15 team5 kernel: [    1.358885] acpiphp: Slot [9] registered
Mar  2 17:15:15 team5 kernel: [    1.362924] acpiphp: Slot [10] registered
Mar  2 17:15:15 team5 kernel: [    1.367142] acpiphp: Slot [11] registered
Mar  2 17:15:15 team5 kernel: [    1.371206] acpiphp: Slot [12] registered
Mar  2 17:15:15 team5 kernel: [    1.375287] acpiphp: Slot [13] registered
Mar  2 17:15:15 team5 kernel: [    1.379148] acpiphp: Slot [14] registered
Mar  2 17:15:15 team5 kernel: [    1.383126] acpiphp: Slot [15] registered
Mar  2 17:15:15 team5 kernel: [    1.387194] acpiphp: Slot [16] registered
Mar  2 17:15:15 team5 kernel: [    1.391143] acpiphp: Slot [17] registered
Mar  2 17:15:15 team5 kernel: [    1.395012] acpiphp: Slot [18] registered
Mar  2 17:15:15 team5 kernel: [    1.399247] acpiphp: Slot [19] registered
Mar  2 17:15:15 team5 kernel: [    1.403232] acpiphp: Slot [20] registered
Mar  2 17:15:15 team5 kernel: [    1.407164] acpiphp: Slot [21] registered
Mar  2 17:15:15 team5 kernel: [    1.411138] acpiphp: Slot [22] registered
Mar  2 17:15:15 team5 kernel: [    1.415140] acpiphp: Slot [23] registered
Mar  2 17:15:15 team5 kernel: [    1.419193] acpiphp: Slot [24] registered
Mar  2 17:15:15 team5 kernel: [    1.423122] acpiphp: Slot [25] registered
Mar  2 17:15:15 team5 kernel: [    1.426761] acpiphp: Slot [26] registered
Mar  2 17:15:15 team5 kernel: [    1.430814] acpiphp: Slot [27] registered
Mar  2 17:15:15 team5 kernel: [    1.435299] acpiphp: Slot [28] registered
Mar  2 17:15:15 team5 kernel: [    1.439290] acpiphp: Slot [29] registered
Mar  2 17:15:15 team5 kernel: [    1.443335] acpiphp: Slot [30] registered
Mar  2 17:15:15 team5 kernel: [    1.447400] acpiphp: Slot [31] registered
Mar  2 17:15:15 team5 kernel: [    1.451376] PCI host bridge to bus 0000:00
Mar  2 17:15:15 team5 kernel: [    1.454753] pci_bus 0000:00: root bus resource [bus 00-ff]
Mar  2 17:15:15 team5 kernel: [    1.458749] pci_bus 0000:00: root bus resource [io  0x0000-0x0cf7 window]
Mar  2 17:15:15 team5 kernel: [    1.462748] pci_bus 0000:00: root bus resource [io  0x0d00-0xffff window]
Mar  2 17:15:15 team5 kernel: [    1.466748] pci_bus 0000:00: root bus resource [mem 0x000a0000-0x000bffff window]
Mar  2 17:15:15 team5 kernel: [    1.470748] pci_bus 0000:00: root bus resource [mem 0xf0000000-0xfbffffff window]
Mar  2 17:15:15 team5 kernel: [    1.475747] pci 0000:00:00.0: [8086:1237] type 00 class 0x060000
Mar  2 17:15:15 team5 kernel: [    1.481826] pci 0000:00:01.0: [8086:7000] type 00 class 0x060100
Mar  2 17:15:15 team5 kernel: [    1.487598] pci 0000:00:01.1: [8086:7010] type 00 class 0x010180
Mar  2 17:15:15 team5 kernel: [    1.493243] pci 0000:00:01.1: reg 0x20: [io  0xc100-0xc10f]
Mar  2 17:15:15 team5 kernel: [    1.496008] pci 0000:00:01.1: legacy IDE quirk: reg 0x10: [io  0x01f0-0x01f7]
Mar  2 17:15:15 team5 kernel: [    1.498755] pci 0000:00:01.1: legacy IDE quirk: reg 0x14: [io  0x03f6]
Mar  2 17:15:15 team5 kernel: [    1.502756] pci 0000:00:01.1: legacy IDE quirk: reg 0x18: [io  0x0170-0x0177]
Mar  2 17:15:15 team5 kernel: [    1.506755] pci 0000:00:01.1: legacy IDE quirk: reg 0x1c: [io  0x0376]
Mar  2 17:15:15 team5 kernel: [    1.512445] * Found PM-Timer Bug on the chipset. Due to workarounds for a bug,
Mar  2 17:15:15 team5 kernel: [    1.512445] * this clock source is slow. Consider trying other clock sources
Mar  2 17:15:15 team5 kernel: [    1.514756] pci 0000:00:01.3: [8086:7113] type 00 class 0x068000
Mar  2 17:15:15 team5 kernel: [    1.520709] pci 0000:00:01.3: quirk: [io  0xb000-0xb03f] claimed by PIIX4 ACPI
Mar  2 17:15:15 team5 kernel: [    1.525109] pci 0000:00:02.0: [1013:00b8] type 00 class 0x030000
Mar  2 17:15:15 team5 kernel: [    1.527881] pci 0000:00:02.0: reg 0x10: [mem 0xf0000000-0xf1ffffff pref]
Mar  2 17:15:15 team5 kernel: [    1.531045] pci 0000:00:02.0: reg 0x14: [mem 0xf3000000-0xf3000fff]
Mar  2 17:15:15 team5 kernel: [    1.536484] pci 0000:00:02.0: Video device with shadowed ROM at [mem 0x000c0000-0x000dffff]
Mar  2 17:15:15 team5 kernel: [    1.541395] pci 0000:00:03.0: [5853:0001] type 00 class 0xff8000
Mar  2 17:15:15 team5 kernel: [    1.543881] pci 0000:00:03.0: reg 0x10: [io  0xc000-0xc0ff]
Mar  2 17:15:15 team5 kernel: [    1.547036] pci 0000:00:03.0: reg 0x14: [mem 0xf2000000-0xf2ffffff pref]
Mar  2 17:15:15 team5 kernel: [    1.560542] ACPI: PCI: Interrupt link LNKA configured for IRQ 5
Mar  2 17:15:15 team5 kernel: [    1.563125] ACPI: PCI: Interrupt link LNKB configured for IRQ 10
Mar  2 17:15:15 team5 kernel: [    1.567007] ACPI: PCI: Interrupt link LNKC configured for IRQ 11
Mar  2 17:15:15 team5 kernel: [    1.571096] ACPI: PCI: Interrupt link LNKD configured for IRQ 5
Mar  2 17:15:15 team5 kernel: [    1.585245] xen:balloon: Initialising balloon driver
Mar  2 17:15:15 team5 kernel: [    1.586867] iommu: Default domain type: Translated 
Mar  2 17:15:15 team5 kernel: [    1.590750] iommu: DMA domain TLB invalidation policy: lazy mode 
Mar  2 17:15:15 team5 kernel: [    1.594963] SCSI subsystem initialized
Mar  2 17:15:15 team5 kernel: [    1.598561] libata version 3.00 loaded.
Mar  2 17:15:15 team5 kernel: [    1.598654] pci 0000:00:02.0: vgaarb: setting as boot VGA device
Mar  2 17:15:15 team5 kernel: [    1.598742] pci 0000:00:02.0: vgaarb: VGA device added: decodes=io+mem,owns=io+mem,locks=none
Mar  2 17:15:15 team5 kernel: [    1.598751] pci 0000:00:02.0: vgaarb: bridge control possible
Mar  2 17:15:15 team5 kernel: [    1.602752] vgaarb: loaded
Mar  2 17:15:15 team5 kernel: [    1.605874] ACPI: bus type USB registered
Mar  2 17:15:15 team5 kernel: [    1.606777] usbcore: registered new interface driver usbfs
Mar  2 17:15:15 team5 kernel: [    1.610757] usbcore: registered new interface driver hub
Mar  2 17:15:15 team5 kernel: [    1.614762] usbcore: registered new device driver usb
Mar  2 17:15:15 team5 kernel: [    1.618774] pps_core: LinuxPPS API ver. 1 registered
Mar  2 17:15:15 team5 kernel: [    1.622750] pps_core: Software ver. 5.3.6 - Copyright 2005-2007 Rodolfo Giometti <giometti@linux.it>
Mar  2 17:15:15 team5 kernel: [    1.626754] PTP clock support registered
Mar  2 17:15:15 team5 kernel: [    1.630844] EDAC MC: Ver: 3.0.0
Mar  2 17:15:15 team5 kernel: [    1.634551] NetLabel: Initializing
Mar  2 17:15:15 team5 kernel: [    1.634750] NetLabel:  domain hash size = 128
Mar  2 17:15:15 team5 kernel: [    1.638750] NetLabel:  protocols = UNLABELED CIPSOv4 CALIPSO
Mar  2 17:15:15 team5 kernel: [    1.642786] NetLabel:  unlabeled traffic allowed by default
Mar  2 17:15:15 team5 kernel: [    1.646804] PCI: Using ACPI for IRQ routing
Mar  2 17:15:15 team5 kernel: [    1.650750] PCI: pci_cache_line_size set to 64 bytes
Mar  2 17:15:15 team5 kernel: [    1.651596] e820: reserve RAM buffer [mem 0x0009e000-0x0009ffff]
Mar  2 17:15:15 team5 kernel: [    1.652589] hpet: 3 channels of 0 reserved for per-cpu timers
Mar  2 17:15:15 team5 kernel: [    1.654758] hpet0: at MMIO 0xfed00000, IRQs 2, 8, 0
Mar  2 17:15:15 team5 kernel: [    1.658749] hpet0: 3 comparators, 64-bit 62.500000 MHz counter
Mar  2 17:15:15 team5 kernel: [    1.665854] clocksource: Switched to clocksource xen
Mar  2 17:15:15 team5 kernel: [    1.678810] VFS: Disk quotas dquot_6.6.0
Mar  2 17:15:15 team5 kernel: [    1.682517] VFS: Dquot-cache hash table entries: 512 (order 0, 4096 bytes)
Mar  2 17:15:15 team5 kernel: [    1.693657] AppArmor: AppArmor Filesystem Enabled
Mar  2 17:15:15 team5 kernel: [    1.697942] pnp: PnP ACPI init
Mar  2 17:15:15 team5 kernel: [    1.700940] system 00:00: [mem 0x00000000-0x0009ffff] could not be reserved
Mar  2 17:15:15 team5 kernel: [    1.707211] system 00:01: [io  0x08a0-0x08a3] has been reserved
Mar  2 17:15:15 team5 kernel: [    1.712270] system 00:01: [io  0x0cc0-0x0ccf] has been reserved
Mar  2 17:15:15 team5 kernel: [    1.717627] system 00:01: [io  0x04d0-0x04d1] has been reserved
Mar  2 17:15:15 team5 kernel: [    1.723106] xen: --> pirq=17 -> irq=8 (gsi=8)
Mar  2 17:15:15 team5 kernel: [    1.723161] xen: --> pirq=18 -> irq=12 (gsi=12)
Mar  2 17:15:15 team5 kernel: [    1.723203] xen: --> pirq=19 -> irq=1 (gsi=1)
Mar  2 17:15:15 team5 kernel: [    1.723241] xen: --> pirq=20 -> irq=6 (gsi=6)
Mar  2 17:15:15 team5 kernel: [    1.723244] pnp 00:05: [dma 2]
Mar  2 17:15:15 team5 kernel: [    1.723296] xen: --> pirq=21 -> irq=4 (gsi=4)
Mar  2 17:15:15 team5 kernel: [    1.723389] system 00:07: [io  0x10c0-0x1141] has been reserved
Mar  2 17:15:15 team5 kernel: [    1.728202] system 00:07: [io  0xb044-0xb047] has been reserved
Mar  2 17:15:15 team5 kernel: [    1.747309] pnp: PnP ACPI: found 8 devices
Mar  2 17:15:15 team5 kernel: [    1.757662] clocksource: acpi_pm: mask: 0xffffff max_cycles: 0xffffff, max_idle_ns: 2085701024 ns
Mar  2 17:15:15 team5 kernel: [    1.765871] NET: Registered PF_INET protocol family
Mar  2 17:15:15 team5 kernel: [    1.770612] IP idents hash table entries: 16384 (order: 5, 131072 bytes, linear)
Mar  2 17:15:15 team5 kernel: [    1.777954] tcp_listen_portaddr_hash hash table entries: 512 (order: 1, 8192 bytes, linear)
Mar  2 17:15:15 team5 kernel: [    1.784960] Table-perturb hash table entries: 65536 (order: 6, 262144 bytes, linear)
Mar  2 17:15:15 team5 kernel: [    1.793171] TCP established hash table entries: 8192 (order: 4, 65536 bytes, linear)
Mar  2 17:15:15 team5 kernel: [    1.801377] TCP bind hash table entries: 8192 (order: 5, 131072 bytes, linear)
Mar  2 17:15:15 team5 kernel: [    1.809135] TCP: Hash tables configured (established 8192 bind 8192)
Mar  2 17:15:15 team5 kernel: [    1.816116] MPTCP token hash table entries: 1024 (order: 2, 24576 bytes, linear)
Mar  2 17:15:15 team5 kernel: [    1.824451] UDP hash table entries: 512 (order: 2, 16384 bytes, linear)
Mar  2 17:15:15 team5 kernel: [    1.829821] UDP-Lite hash table entries: 512 (order: 2, 16384 bytes, linear)
Mar  2 17:15:15 team5 kernel: [    1.837685] NET: Registered PF_UNIX/PF_LOCAL protocol family
Mar  2 17:15:15 team5 kernel: [    1.842582] NET: Registered PF_XDP protocol family
Mar  2 17:15:15 team5 kernel: [    1.847873] pci_bus 0000:00: resource 4 [io  0x0000-0x0cf7 window]
Mar  2 17:15:15 team5 kernel: [    1.856137] pci_bus 0000:00: resource 5 [io  0x0d00-0xffff window]
Mar  2 17:15:15 team5 kernel: [    1.861752] pci_bus 0000:00: resource 6 [mem 0x000a0000-0x000bffff window]
Mar  2 17:15:15 team5 kernel: [    1.867844] pci_bus 0000:00: resource 7 [mem 0xf0000000-0xfbffffff window]
Mar  2 17:15:15 team5 kernel: [    1.874848] pci 0000:00:01.0: PIIX3: Enabling Passive Release
Mar  2 17:15:15 team5 kernel: [    1.880637] pci 0000:00:00.0: Limiting direct PCI/PCI transfers
Mar  2 17:15:15 team5 kernel: [    1.885765] pci 0000:00:01.0: Activating ISA DMA hang workarounds
Mar  2 17:15:15 team5 kernel: [    1.892102] PCI: CLS 0 bytes, default 64
Mar  2 17:15:15 team5 kernel: [    1.896073] Trying to unpack rootfs image as initramfs...
Mar  2 17:15:15 team5 kernel: [    1.901109] clocksource: tsc: mask: 0xffffffffffffffff max_cycles: 0x21273cea6a0, max_idle_ns: 440795295103 ns
Mar  2 17:15:15 team5 kernel: [    1.911495] Freeing initrd memory: 4936K
Mar  2 17:15:15 team5 kernel: [    1.915177] Initialise system trusted keyrings
Mar  2 17:15:15 team5 kernel: [    1.918582] Key type blacklist registered
Mar  2 17:15:15 team5 kernel: [    1.922890] workingset: timestamp_bits=36 max_order=18 bucket_order=0
Mar  2 17:15:15 team5 kernel: [    1.931217] zbud: loaded
Mar  2 17:15:15 team5 kernel: [    2.120572] squashfs: version 4.0 (2009/01/31) Phillip Lougher
Mar  2 17:15:15 team5 kernel: [    2.127337] fuse: init (API version 7.34)
Mar  2 17:15:15 team5 kernel: [    2.131954] integrity: Platform Keyring initialized
Mar  2 17:15:15 team5 kernel: [    2.147306] Key type asymmetric registered
Mar  2 17:15:15 team5 kernel: [    2.151602] Asymmetric key parser 'x509' registered
Mar  2 17:15:15 team5 kernel: [    2.156729] Block layer SCSI generic (bsg) driver version 0.4 loaded (major 243)
Mar  2 17:15:15 team5 kernel: [    2.164394] io scheduler mq-deadline registered
Mar  2 17:15:15 team5 kernel: [    2.169236] shpchp: Standard Hot Plug PCI Controller Driver version: 0.4
Mar  2 17:15:15 team5 kernel: [    2.176000] input: Power Button as /devices/LNXSYSTM:00/LNXPWRBN:00/input/input0
Mar  2 17:15:15 team5 kernel: [    2.183280] ACPI: button: Power Button [PWRF]
Mar  2 17:15:15 team5 kernel: [    2.188282] input: Sleep Button as /devices/LNXSYSTM:00/LNXSLPBN:00/input/input1
Mar  2 17:15:15 team5 kernel: [    2.195865] ACPI: button: Sleep Button [SLPF]
Mar  2 17:15:15 team5 kernel: [    2.208990] xen: --> pirq=22 -> irq=28 (gsi=28)
Mar  2 17:15:15 team5 kernel: [    2.209171] xen:grant_table: Grant tables using version 1 layout
Mar  2 17:15:15 team5 kernel: [    2.215277] Grant table initialized
Mar  2 17:15:15 team5 kernel: [    2.219197] Cannot get hvm parameter CONSOLE_EVTCHN (18): -22!
Mar  2 17:15:15 team5 kernel: [    2.225218] Serial: 8250/16550 driver, 4 ports, IRQ sharing enabled
Mar  2 17:15:15 team5 kernel: [    2.269673] 00:06: ttyS0 at I/O 0x3f8 (irq = 4, base_baud = 115200) is a 16550A
Mar  2 17:15:15 team5 kernel: [    2.298955] Linux agpgart interface v0.103
Mar  2 17:15:15 team5 kernel: [    2.307232] loop: module loaded
Mar  2 17:15:15 team5 kernel: [    2.311086] Invalid max_queues (4), will use default max: 1.
Mar  2 17:15:15 team5 kernel: [    2.357122] ata_piix 0000:00:01.1: version 2.13
Mar  2 17:15:15 team5 kernel: [    2.359332] scsi host0: ata_piix
Mar  2 17:15:15 team5 kernel: [    2.362614] scsi host1: ata_piix
Mar  2 17:15:15 team5 kernel: [    2.365643] ata1: PATA max MWDMA2 cmd 0x1f0 ctl 0x3f6 bmdma 0xc100 irq 14
Mar  2 17:15:15 team5 kernel: [    2.372312] ata2: PATA max MWDMA2 cmd 0x170 ctl 0x376 bmdma 0xc108 irq 15
Mar  2 17:15:15 team5 kernel: [    2.381005] tun: Universal TUN/TAP device driver, 1.6
Mar  2 17:15:15 team5 kernel: [    2.387467] PPP generic driver version 2.4.2
Mar  2 17:15:15 team5 kernel: [    2.392349] xen_netfront: Initialising Xen virtual ethernet driver
Mar  2 17:15:15 team5 kernel: [    2.409322] VFIO - User Level meta-driver version: 0.3
Mar  2 17:15:15 team5 kernel: [    2.416844] ehci_hcd: USB 2.0 'Enhanced' Host Controller (EHCI) Driver
Mar  2 17:15:15 team5 kernel: [    2.424464] ehci-pci: EHCI PCI platform driver
Mar  2 17:15:15 team5 kernel: [    2.430457] ehci-platform: EHCI generic platform driver
Mar  2 17:15:15 team5 kernel: [    2.437686] ohci_hcd: USB 1.1 'Open' Host Controller (OHCI) Driver
Mar  2 17:15:15 team5 kernel: [    2.445501] ohci-pci: OHCI PCI platform driver
Mar  2 17:15:15 team5 kernel: [    2.468026] ohci-platform: OHCI generic platform driver
Mar  2 17:15:15 team5 kernel: [    2.474694] uhci_hcd: USB Universal Host Controller Interface driver
Mar  2 17:15:15 team5 kernel: [    2.494643] i8042: PNP: PS/2 Controller [PNP0303:PS2K,PNP0f13:PS2M] at 0x60,0x64 irq 1,12
Mar  2 17:15:15 team5 kernel: [    2.524066] serio: i8042 KBD port at 0x60,0x64 irq 1
Mar  2 17:15:15 team5 kernel: [    2.545320] serio: i8042 AUX port at 0x60,0x64 irq 12
Mar  2 17:15:15 team5 kernel: [    2.551660] mousedev: PS/2 mouse device common for all mice
Mar  2 17:15:15 team5 kernel: [    2.559404] input: AT Translated Set 2 keyboard as /devices/platform/i8042/serio0/input/input2
Mar  2 17:15:15 team5 kernel: [    2.571896] rtc_cmos 00:02: registered as rtc0
Mar  2 17:15:15 team5 kernel: [    2.577006] rtc_cmos 00:02: setting system clock to 2023-03-02T17:15:01 UTC (1677777301)
Mar  2 17:15:15 team5 kernel: [    2.586585] rtc_cmos 00:02: alarms up to one day, 114 bytes nvram, hpet irqs
Mar  2 17:15:15 team5 kernel: [    2.594860] i2c_dev: i2c /dev entries driver
Mar  2 17:15:15 team5 kernel: [    2.601765] device-mapper: core: CONFIG_IMA_DISABLE_HTABLE is disabled. Duplicate IMA measurements will not be recorded in the IMA log.
Mar  2 17:15:15 team5 kernel: [    2.611902] device-mapper: uevent: version 1.0.3
Mar  2 17:15:15 team5 kernel: [    2.616991] device-mapper: ioctl: 4.45.0-ioctl (2021-03-22) initialised: dm-devel@redhat.com
Mar  2 17:15:15 team5 kernel: [    2.624579] platform eisa.0: Probing EISA bus 0
Mar  2 17:15:15 team5 kernel: [    2.629019] platform eisa.0: EISA: Cannot allocate resource for mainboard
Mar  2 17:15:15 team5 kernel: [    2.635148] platform eisa.0: Cannot allocate resource for EISA slot 1
Mar  2 17:15:15 team5 kernel: [    2.641128] platform eisa.0: Cannot allocate resource for EISA slot 2
Mar  2 17:15:15 team5 kernel: [    2.647488] platform eisa.0: Cannot allocate resource for EISA slot 3
Mar  2 17:15:15 team5 kernel: [    2.653821] platform eisa.0: Cannot allocate resource for EISA slot 4
Mar  2 17:15:15 team5 kernel: [    2.666640] platform eisa.0: Cannot allocate resource for EISA slot 5
Mar  2 17:15:15 team5 kernel: [    2.693158] platform eisa.0: Cannot allocate resource for EISA slot 6
Mar  2 17:15:15 team5 kernel: [    2.699452] platform eisa.0: Cannot allocate resource for EISA slot 7
Mar  2 17:15:15 team5 kernel: [    2.708288] platform eisa.0: Cannot allocate resource for EISA slot 8
Mar  2 17:15:15 team5 kernel: [    2.723575] platform eisa.0: EISA: Detected 0 cards
Mar  2 17:15:15 team5 kernel: [    2.733175] intel_pstate: CPU model not supported
Mar  2 17:15:15 team5 kernel: [    2.742288] ledtrig-cpu: registered to indicate activity on CPUs
Mar  2 17:15:15 team5 kernel: [    2.751615] drop_monitor: Initializing network drop monitor service
Mar  2 17:15:15 team5 kernel: [    2.762085] NET: Registered PF_INET6 protocol family
Mar  2 17:15:15 team5 kernel: [    2.768393] Segment Routing with IPv6
Mar  2 17:15:15 team5 kernel: [    2.773690] In-situ OAM (IOAM) with IPv6
Mar  2 17:15:15 team5 kernel: [    2.780398] NET: Registered PF_PACKET protocol family
Mar  2 17:15:15 team5 kernel: [    2.786548] Key type dns_resolver registered
Mar  2 17:15:15 team5 kernel: [    2.794290] No MBM correction factor available
Mar  2 17:15:15 team5 kernel: [    2.799277] IPI shorthand broadcast: enabled
Mar  2 17:15:15 team5 kernel: [    2.804612] sched_clock: Marking stable (1960677064, 843905045)->(3254078599, -449496490)
Mar  2 17:15:15 team5 kernel: [    2.813045] registered taskstats version 1
Mar  2 17:15:15 team5 kernel: [    2.817720] Loading compiled-in X.509 certificates
Mar  2 17:15:15 team5 kernel: [    2.823892] Loaded X.509 cert 'Build time autogenerated kernel key: 6798a03cb69e5c4a56f83e392b1deaee08cb4f23'
Mar  2 17:15:15 team5 kernel: [    2.836183] Loaded X.509 cert 'Canonical Ltd. Live Patch Signing: 14df34d1a87cf37625abec039ef2bf521249b969'
Mar  2 17:15:15 team5 kernel: [    2.851261] Loaded X.509 cert 'Canonical Ltd. Kernel Module Signing: 88f752e560a1e0737e31163a466ad7b70a850c19'
Mar  2 17:15:15 team5 kernel: [    2.862395] blacklist: Loading compiled-in revocation X.509 certificates
Mar  2 17:15:15 team5 kernel: [    2.872725] Loaded X.509 cert 'Canonical Ltd. Secure Boot Signing: 61482aa2830d0ab2ad5af10b7250da9033ddcef0'
Mar  2 17:15:15 team5 kernel: [    2.891523] Loaded X.509 cert 'Canonical Ltd. Secure Boot Signing (2017): 242ade75ac4a15e50d50c84b0d45ff3eae707a03'
Mar  2 17:15:15 team5 kernel: [    2.906792] Loaded X.509 cert 'Canonical Ltd. Secure Boot Signing (ESM 2018): 365188c1d374d6b07c3c8f240f8ef722433d6a8b'
Mar  2 17:15:15 team5 kernel: [    2.918395] Loaded X.509 cert 'Canonical Ltd. Secure Boot Signing (2019): c0746fd6c5da3ae827864651ad66ae47fe24b3e8'
Mar  2 17:15:15 team5 kernel: [    2.932486] Loaded X.509 cert 'Canonical Ltd. Secure Boot Signing (2021 v1): a8d54bbb3825cfb94fa13c9f8a594a195c107b8d'
Mar  2 17:15:15 team5 kernel: [    2.950834] Loaded X.509 cert 'Canonical Ltd. Secure Boot Signing (2021 v2): 4cf046892d6fd3c9a5b03f98d845f90851dc6a8c'
Mar  2 17:15:15 team5 kernel: [    2.961891] Loaded X.509 cert 'Canonical Ltd. Secure Boot Signing (2021 v3): 100437bb6de6e469b581e61cd66bce3ef4ed53af'
Mar  2 17:15:15 team5 kernel: [    2.984848] Loaded X.509 cert 'Canonical Ltd. Secure Boot Signing (Ubuntu Core 2019): c1d57b8f6b743f23ee41f4f7ee292f06eecadfb9'
Mar  2 17:15:15 team5 kernel: [    3.001934] zswap: loaded using pool lzo/zbud
Mar  2 17:15:15 team5 kernel: [    3.014371] blkfront: xvda: barrier or flush: disabled; persistent grants: disabled; indirect descriptors: enabled; bounce buffer: disabled;
Mar  2 17:15:15 team5 kernel: [    3.031771] Key type .fscrypt registered
Mar  2 17:15:15 team5 kernel: [    3.042388] Key type fscrypt-provisioning registered
Mar  2 17:15:15 team5 kernel: [    3.048964] Key type encrypted registered
Mar  2 17:15:15 team5 kernel: [    3.055496] AppArmor: AppArmor sha1 policy hashing enabled
Mar  2 17:15:15 team5 kernel: [    3.064195] ima: No TPM chip found, activating TPM-bypass!
Mar  2 17:15:15 team5 kernel: [    3.071804] Loading compiled-in module X.509 certificates
Mar  2 17:15:15 team5 kernel: [    3.081444] Loaded X.509 cert 'Build time autogenerated kernel key: 6798a03cb69e5c4a56f83e392b1deaee08cb4f23'
Mar  2 17:15:15 team5 kernel: [    3.098230] ima: Allocated hash algorithm: sha1
Mar  2 17:15:15 team5 kernel: [    3.104338] ima: No architecture policies found
Mar  2 17:15:15 team5 kernel: [    3.113034] evm: Initialising EVM extended attributes:
Mar  2 17:15:15 team5 kernel: [    3.124492] evm: security.selinux
Mar  2 17:15:15 team5 kernel: [    3.131035] evm: security.SMACK64
Mar  2 17:15:15 team5 kernel: [    3.136946] evm: security.SMACK64EXEC
Mar  2 17:15:15 team5 kernel: [    3.145616] evm: security.SMACK64TRANSMUTE
Mar  2 17:15:15 team5 kernel: [    3.159510] evm: security.SMACK64MMAP
Mar  2 17:15:15 team5 kernel: [    3.167111] evm: security.apparmor
Mar  2 17:15:15 team5 kernel: [    3.173617] evm: security.ima
Mar  2 17:15:15 team5 kernel: [    3.183179] evm: security.capability
Mar  2 17:15:15 team5 kernel: [    3.191085] evm: HMAC attrs: 0x1
Mar  2 17:15:15 team5 kernel: [    3.199864]  xvda: xvda1 xvda14 xvda15
Mar  2 17:15:15 team5 kernel: [    3.209337] blkfront: xvdf: barrier or flush: disabled; persistent grants: disabled; indirect descriptors: enabled; bounce buffer: disabled;
Mar  2 17:15:15 team5 kernel: [    3.279537] blkfront: xvdj: barrier or flush: disabled; persistent grants: disabled; indirect descriptors: enabled; bounce buffer: disabled;
Mar  2 17:15:15 team5 kernel: [    3.317702] blkfront: xvdi: barrier or flush: disabled; persistent grants: disabled; indirect descriptors: enabled; bounce buffer: disabled;
Mar  2 17:15:15 team5 kernel: [    3.364126] blkfront: xvdh: barrier or flush: disabled; persistent grants: disabled; indirect descriptors: enabled; bounce buffer: disabled;
Mar  2 17:15:15 team5 kernel: [    3.435530] blkfront: xvdg: barrier or flush: disabled; persistent grants: disabled; indirect descriptors: enabled; bounce buffer: disabled;
Mar  2 17:15:15 team5 kernel: [    3.514864] PM:   Magic number: 15:102:238
Mar  2 17:15:15 team5 kernel: [    3.576396] acpi device:81: hash matches
Mar  2 17:15:15 team5 kernel: [    3.590969] RAS: Correctable Errors collector initialized.
Mar  2 17:15:15 team5 kernel: [    3.607739] md: Waiting for all devices to be available before autodetect
Mar  2 17:15:15 team5 kernel: [    3.634817] md: If you don't use raid, use raid=noautodetect
Mar  2 17:15:15 team5 kernel: [    3.647140] md: Autodetecting RAID arrays.
Mar  2 17:15:15 team5 kernel: [    3.654981] md: autorun ...
Mar  2 17:15:15 team5 kernel: [    3.660602] md: ... autorun DONE.
Mar  2 17:15:15 team5 kernel: [    3.673356] EXT4-fs (xvda1): mounted filesystem with ordered data mode. Opts: (null). Quota mode: none.
Mar  2 17:15:15 team5 kernel: [    3.691225] VFS: Mounted root (ext4 filesystem) readonly on device 202:1.
Mar  2 17:15:15 team5 kernel: [    3.724639] devtmpfs: mounted
Mar  2 17:15:15 team5 kernel: [    3.740485] Freeing unused decrypted memory: 2036K
Mar  2 17:15:15 team5 kernel: [    3.754324] Freeing unused kernel image (initmem) memory: 3240K
Mar  2 17:15:15 team5 kernel: [    3.774772] Write protecting the kernel read-only data: 30720k
Mar  2 17:15:15 team5 kernel: [    3.786021] Freeing unused kernel image (text/rodata gap) memory: 2036K
Mar  2 17:15:15 team5 kernel: [    3.802510] Freeing unused kernel image (rodata/data gap) memory: 1436K
Mar  2 17:15:15 team5 kernel: [    3.864303] x86/mm: Checked W+X mappings: passed, no W+X pages found.
Mar  2 17:15:15 team5 kernel: [    3.881167] x86/mm: Checking user space page tables
Mar  2 17:15:15 team5 kernel: [    3.945066] x86/mm: Checked W+X mappings: passed, no W+X pages found.
Mar  2 17:15:15 team5 kernel: [    3.956524] Run /sbin/init as init process
Mar  2 17:15:15 team5 kernel: [    3.972011]   with arguments:
Mar  2 17:15:15 team5 kernel: [    3.972014]     /sbin/init
Mar  2 17:15:15 team5 kernel: [    3.972015]   with environment:
Mar  2 17:15:15 team5 kernel: [    3.972016]     HOME=/
Mar  2 17:15:15 team5 kernel: [    3.972017]     TERM=linux
Mar  2 17:15:15 team5 kernel: [    3.972018]     BOOT_IMAGE=/boot/vmlinuz-5.15.0-1030-aws
Mar  2 17:15:15 team5 kernel: [    7.856151] EXT4-fs (xvda1): re-mounted. Opts: discard. Quota mode: none.
Mar  2 17:15:15 team5 kernel: [    8.559244] FDC 0 is a S82078B
Mar  2 17:15:15 team5 kernel: [    8.776907] cryptd: max_cpu_qlen set to 1000
Mar  2 17:15:15 team5 kernel: [    8.819216] AVX2 version of gcm_enc/dec engaged.
Mar  2 17:15:15 team5 kernel: [    8.819239] AES CTR mode by8 optimization enabled
Mar  2 17:15:15 team5 kernel: [    9.750180] alua: device handler registered
Mar  2 17:15:15 team5 kernel: [    9.752155] emc: device handler registered
Mar  2 17:15:15 team5 kernel: [    9.754963] rdac: device handler registered
Mar  2 17:15:15 team5 kernel: [    9.863131] EXT4-fs (xvdf): mounting ext2 file system using the ext4 subsystem
Mar  2 17:15:15 team5 kernel: [    9.872120] EXT4-fs (xvdg): mounting ext2 file system using the ext4 subsystem
Mar  2 17:15:15 team5 kernel: [    9.872198] EXT4-fs (xvdf): mounted filesystem without journal. Opts: (null). Quota mode: none.
Mar  2 17:15:15 team5 kernel: [    9.879618] EXT4-fs (xvdh): mounting ext2 file system using the ext4 subsystem
Mar  2 17:15:15 team5 kernel: [    9.879695] EXT4-fs (xvdg): mounted filesystem without journal. Opts: (null). Quota mode: none.
Mar  2 17:15:15 team5 kernel: [    9.887605] EXT4-fs (xvdi): mounting ext2 file system using the ext4 subsystem
Mar  2 17:15:15 team5 kernel: [    9.887703] EXT4-fs (xvdh): mounted filesystem without journal. Opts: (null). Quota mode: none.
Mar  2 17:15:15 team5 kernel: [    9.890007] EXT4-fs (xvdi): mounted filesystem without journal. Opts: (null). Quota mode: none.
Mar  2 17:15:15 team5 kernel: [    9.920908] input: ImExPS/2 Generic Explorer Mouse as /devices/platform/i8042/serio1/input/input4
Mar  2 17:15:15 team5 kernel: [    9.924022] loop0: detected capacity change from 0 to 49944
Mar  2 17:15:15 team5 kernel: [    9.935699] loop1: detected capacity change from 0 to 113888
Mar  2 17:15:15 team5 kernel: [    9.936025] loop2: detected capacity change from 0 to 113888
Mar  2 17:15:15 team5 kernel: [    9.952143] loop3: detected capacity change from 0 to 129600
Mar  2 17:15:15 team5 kernel: [    9.964330] loop4: detected capacity change from 0 to 129584
Mar  2 17:15:15 team5 kernel: [    9.964503] loop5: detected capacity change from 0 to 188072
Mar  2 17:15:15 team5 kernel: [    9.980032] loop6: detected capacity change from 0 to 102048
Mar  2 17:15:15 team5 kernel: [    9.993790] loop7: detected capacity change from 0 to 102072
Mar  2 17:15:15 team5 kernel: [   10.562534] audit: type=1400 audit(1677777309.480:2): apparmor="STATUS" operation="profile_load" profile="unconfined" name="/usr/bin/man" pid=404 comm="apparmor_parser"
Mar  2 17:15:15 team5 kernel: [   10.562540] audit: type=1400 audit(1677777309.480:3): apparmor="STATUS" operation="profile_load" profile="unconfined" name="man_filter" pid=404 comm="apparmor_parser"
Mar  2 17:15:15 team5 kernel: [   10.562542] audit: type=1400 audit(1677777309.480:4): apparmor="STATUS" operation="profile_load" profile="unconfined" name="man_groff" pid=404 comm="apparmor_parser"
Mar  2 17:15:15 team5 kernel: [   10.575984] audit: type=1400 audit(1677777309.496:5): apparmor="STATUS" operation="profile_load" profile="unconfined" name="lsb_release" pid=407 comm="apparmor_parser"
Mar  2 17:15:15 team5 kernel: [   10.594826] audit: type=1400 audit(1677777309.516:6): apparmor="STATUS" operation="profile_load" profile="unconfined" name="/usr/lib/snapd/snap-confine" pid=408 comm="apparmor_parser"
Mar  2 17:15:15 team5 kernel: [   10.594831] audit: type=1400 audit(1677777309.516:7): apparmor="STATUS" operation="profile_load" profile="unconfined" name="/usr/lib/snapd/snap-confine//mount-namespace-capture-helper" pid=408 comm="apparmor_parser"
Mar  2 17:15:15 team5 kernel: [   10.637012] audit: type=1400 audit(1677777309.556:8): apparmor="STATUS" operation="profile_load" profile="unconfined" name="/usr/sbin/tcpdump" pid=409 comm="apparmor_parser"
Mar  2 17:15:15 team5 kernel: [   10.645928] audit: type=1400 audit(1677777309.564:9): apparmor="STATUS" operation="profile_load" profile="unconfined" name="nvidia_modprobe" pid=411 comm="apparmor_parser"
Mar  2 17:15:15 team5 kernel: [   10.645932] audit: type=1400 audit(1677777309.564:10): apparmor="STATUS" operation="profile_load" profile="unconfined" name="nvidia_modprobe//kmod" pid=411 comm="apparmor_parser"
Mar  2 17:15:15 team5 kernel: [   10.660273] audit: type=1400 audit(1677777309.580:11): apparmor="STATUS" operation="profile_load" profile="unconfined" name="/usr/lib/NetworkManager/nm-dhcp-client.action" pid=412 comm="apparmor_parser"
Mar  2 17:15:20 team5 kernel: [   21.606178] loop8: detected capacity change from 0 to 8
Mar  4 06:39:11 team5 kernel: [134656.427667] SGI XFS with ACLs, security attributes, realtime, quota, no debug enabled
Mar  4 06:39:11 team5 kernel: [134656.547724] raid6: avx2x4   gen() 25920 MB/s
Mar  4 06:39:11 team5 kernel: [134656.615726] raid6: avx2x4   xor()  9013 MB/s
Mar  4 06:39:11 team5 kernel: [134656.683747] raid6: avx2x2   gen() 25309 MB/s
Mar  4 06:39:11 team5 kernel: [134656.751733] raid6: avx2x2   xor() 14886 MB/s
Mar  4 06:39:11 team5 kernel: [134656.819736] raid6: avx2x1   gen() 22695 MB/s
Mar  4 06:39:11 team5 kernel: [134656.887736] raid6: avx2x1   xor() 12665 MB/s
Mar  4 06:39:11 team5 kernel: [134656.955738] raid6: sse2x4   gen() 12819 MB/s
Mar  4 06:39:11 team5 kernel: [134657.023740] raid6: sse2x4   xor()  7731 MB/s
Mar  4 06:39:11 team5 kernel: [134657.091742] raid6: sse2x2   gen() 13063 MB/s
Mar  4 06:39:11 team5 kernel: [134657.159743] raid6: sse2x2   xor()  8276 MB/s
Mar  4 06:39:11 team5 kernel: [134657.227747] raid6: sse2x1   gen() 11550 MB/s
Mar  4 06:39:11 team5 kernel: [134657.295748] raid6: sse2x1   xor()  7407 MB/s
Mar  4 06:39:11 team5 kernel: [134657.295752] raid6: using algorithm avx2x4 gen() 25920 MB/s
Mar  4 06:39:11 team5 kernel: [134657.295754] raid6: .... xor() 9013 MB/s, rmw enabled
Mar  4 06:39:11 team5 kernel: [134657.295756] raid6: using avx2x2 recovery algorithm
Mar  4 06:39:11 team5 kernel: [134657.316266] xor: automatically using best checksumming function   avx       
Mar  4 06:39:11 team5 kernel: [134657.368350] Btrfs loaded, crc32c=crc32c-intel, zoned=yes, fsverity=yes
Mar  6 17:49:17 team5 kernel: [    0.000000] Linux version 5.15.0-1031-aws (buildd@lcy02-amd64-045) (gcc (Ubuntu 9.4.0-1ubuntu1~20.04.1) 9.4.0, GNU ld (GNU Binutils for Ubuntu) 2.34) #35~20.04.1-Ubuntu SMP Sat Feb 11 16:19:06 UTC 2023 (Ubuntu 5.15.0-1031.35~20.04.1-aws 5.15.85)
Mar  6 17:49:17 team5 kernel: [    0.000000] Command line: BOOT_IMAGE=/boot/vmlinuz-5.15.0-1031-aws root=PARTUUID=b6f09fc9-a0ef-4282-a149-e9c131355c9f ro console=tty1 console=ttyS0 nvme_core.io_timeout=4294967295 panic=-1
Mar  6 17:49:17 team5 kernel: [    0.000000] KERNEL supported cpus:
Mar  6 17:49:17 team5 kernel: [    0.000000]   Intel GenuineIntel
Mar  6 17:49:17 team5 kernel: [    0.000000]   AMD AuthenticAMD
Mar  6 17:49:17 team5 kernel: [    0.000000]   Hygon HygonGenuine
Mar  6 17:49:17 team5 kernel: [    0.000000]   Centaur CentaurHauls
Mar  6 17:49:17 team5 kernel: [    0.000000]   zhaoxin   Shanghai  
Mar  6 17:49:17 team5 kernel: [    0.000000] x86/fpu: Supporting XSAVE feature 0x001: 'x87 floating point registers'
Mar  6 17:49:17 team5 kernel: [    0.000000] x86/fpu: Supporting XSAVE feature 0x002: 'SSE registers'
Mar  6 17:49:17 team5 kernel: [    0.000000] x86/fpu: Supporting XSAVE feature 0x004: 'AVX registers'
Mar  6 17:49:17 team5 kernel: [    0.000000] x86/fpu: xstate_offset[2]:  576, xstate_sizes[2]:  256
Mar  6 17:49:17 team5 kernel: [    0.000000] x86/fpu: Enabled xstate features 0x7, context size is 832 bytes, using 'standard' format.
Mar  6 17:49:17 team5 kernel: [    0.000000] signal: max sigframe size: 1776
Mar  6 17:49:17 team5 kernel: [    0.000000] BIOS-provided physical RAM map:
Mar  6 17:49:17 team5 kernel: [    0.000000] BIOS-e820: [mem 0x0000000000000000-0x000000000009dfff] usable
Mar  6 17:49:17 team5 kernel: [    0.000000] BIOS-e820: [mem 0x000000000009e000-0x000000000009ffff] reserved
Mar  6 17:49:17 team5 kernel: [    0.000000] BIOS-e820: [mem 0x00000000000e0000-0x00000000000fffff] reserved
Mar  6 17:49:17 team5 kernel: [    0.000000] BIOS-e820: [mem 0x0000000000100000-0x000000003fffffff] usable
Mar  6 17:49:17 team5 kernel: [    0.000000] BIOS-e820: [mem 0x00000000fc000000-0x00000000ffffffff] reserved
Mar  6 17:49:17 team5 kernel: [    0.000000] NX (Execute Disable) protection: active
Mar  6 17:49:17 team5 kernel: [    0.000000] SMBIOS 2.7 present.
Mar  6 17:49:17 team5 kernel: [    0.000000] DMI: Xen HVM domU, BIOS 4.11.amazon 08/24/2006
Mar  6 17:49:17 team5 kernel: [    0.000000] Hypervisor detected: Xen HVM
Mar  6 17:49:17 team5 kernel: [    0.000000] Xen version 4.11.
Mar  6 17:49:17 team5 kernel: [    0.000000] platform_pci_unplug: Netfront and the Xen platform PCI driver have been compiled for this kernel: unplug emulated NICs.
Mar  6 17:49:17 team5 kernel: [    0.000000] platform_pci_unplug: Blkfront and the Xen platform PCI driver have been compiled for this kernel: unplug emulated disks.
Mar  6 17:49:17 team5 kernel: [    0.000000] You might have to change the root device
Mar  6 17:49:17 team5 kernel: [    0.000000] from /dev/hd[a-d] to /dev/xvd[a-d]
Mar  6 17:49:17 team5 kernel: [    0.000000] in your root= kernel command line option
Mar  6 17:49:17 team5 kernel: [    0.000007] HVMOP_pagetable_dying not supported
Mar  6 17:49:17 team5 kernel: [    0.021905] tsc: Fast TSC calibration using PIT
Mar  6 17:49:17 team5 kernel: [    0.021909] tsc: Detected 2400.009 MHz processor
Mar  6 17:49:17 team5 kernel: [    0.021911] tsc: Detected 2400.004 MHz TSC
Mar  6 17:49:17 team5 kernel: [    0.022379] e820: update [mem 0x00000000-0x00000fff] usable ==> reserved
Mar  6 17:49:17 team5 kernel: [    0.022384] e820: remove [mem 0x000a0000-0x000fffff] usable
Mar  6 17:49:17 team5 kernel: [    0.022390] last_pfn = 0x40000 max_arch_pfn = 0x400000000
Mar  6 17:49:17 team5 kernel: [    0.025917] x86/PAT: Configuration [0-7]: WB  WC  UC- UC  WB  WP  UC- WT  
Mar  6 17:49:17 team5 kernel: [    0.037821] found SMP MP-table at [mem 0x000fb9a0-0x000fb9af]
Mar  6 17:49:17 team5 kernel: [    0.037967] RAMDISK: [mem 0x372b3000-0x37950fff]
Mar  6 17:49:17 team5 kernel: [    0.037992] ACPI: Early table checksum verification disabled
Mar  6 17:49:17 team5 kernel: [    0.037996] ACPI: RSDP 0x00000000000EA020 000024 (v02 Xen   )
Mar  6 17:49:17 team5 kernel: [    0.038012] ACPI: XSDT 0x00000000FC00C780 000054 (v01 Xen    HVM      00000000 HVML 00000000)
Mar  6 17:49:17 team5 kernel: [    0.038028] ACPI: FACP 0x00000000FC00C440 0000F4 (v04 Xen    HVM      00000000 HVML 00000000)
Mar  6 17:49:17 team5 kernel: [    0.038083] ACPI: DSDT 0x00000000FC003940 008A7E (v02 Xen    HVM      00000000 INTL 20090123)
Mar  6 17:49:17 team5 kernel: [    0.038088] ACPI: FACS 0x00000000FC003900 000040
Mar  6 17:49:17 team5 kernel: [    0.038092] ACPI: FACS 0x00000000FC003900 000040
Mar  6 17:49:17 team5 kernel: [    0.038098] ACPI: APIC 0x00000000FC00C540 0000D8 (v02 Xen    HVM      00000000 HVML 00000000)
Mar  6 17:49:17 team5 kernel: [    0.038103] ACPI: HPET 0x00000000FC00C690 000038 (v01 Xen    HVM      00000000 HVML 00000000)
Mar  6 17:49:17 team5 kernel: [    0.038109] ACPI: WAET 0x00000000FC00C6D0 000028 (v01 Xen    HVM      00000000 HVML 00000000)
Mar  6 17:49:17 team5 kernel: [    0.038114] ACPI: SSDT 0x00000000FC00C700 000031 (v02 Xen    HVM      00000000 INTL 20090123)
Mar  6 17:49:17 team5 kernel: [    0.038120] ACPI: SSDT 0x00000000FC00C740 000033 (v02 Xen    HVM      00000000 INTL 20090123)
Mar  6 17:49:17 team5 kernel: [    0.038123] ACPI: Reserving FACP table memory at [mem 0xfc00c440-0xfc00c533]
Mar  6 17:49:17 team5 kernel: [    0.038125] ACPI: Reserving DSDT table memory at [mem 0xfc003940-0xfc00c3bd]
Mar  6 17:49:17 team5 kernel: [    0.038127] ACPI: Reserving FACS table memory at [mem 0xfc003900-0xfc00393f]
Mar  6 17:49:17 team5 kernel: [    0.038128] ACPI: Reserving FACS table memory at [mem 0xfc003900-0xfc00393f]
Mar  6 17:49:17 team5 kernel: [    0.038129] ACPI: Reserving APIC table memory at [mem 0xfc00c540-0xfc00c617]
Mar  6 17:49:17 team5 kernel: [    0.038131] ACPI: Reserving HPET table memory at [mem 0xfc00c690-0xfc00c6c7]
Mar  6 17:49:17 team5 kernel: [    0.038132] ACPI: Reserving WAET table memory at [mem 0xfc00c6d0-0xfc00c6f7]
Mar  6 17:49:17 team5 kernel: [    0.038134] ACPI: Reserving SSDT table memory at [mem 0xfc00c700-0xfc00c730]
Mar  6 17:49:17 team5 kernel: [    0.038135] ACPI: Reserving SSDT table memory at [mem 0xfc00c740-0xfc00c772]
Mar  6 17:49:17 team5 kernel: [    0.040176] No NUMA configuration found
Mar  6 17:49:17 team5 kernel: [    0.040181] Faking a node at [mem 0x0000000000000000-0x000000003fffffff]
Mar  6 17:49:17 team5 kernel: [    0.040192] NODE_DATA(0) allocated [mem 0x3ffd6000-0x3fffffff]
Mar  6 17:49:17 team5 kernel: [    0.040518] Zone ranges:
Mar  6 17:49:17 team5 kernel: [    0.040519]   DMA      [mem 0x0000000000001000-0x0000000000ffffff]
Mar  6 17:49:17 team5 kernel: [    0.040522]   DMA32    [mem 0x0000000001000000-0x000000003fffffff]
Mar  6 17:49:17 team5 kernel: [    0.040525]   Normal   empty
Mar  6 17:49:17 team5 kernel: [    0.040526]   Device   empty
Mar  6 17:49:17 team5 kernel: [    0.040528] Movable zone start for each node
Mar  6 17:49:17 team5 kernel: [    0.040532] Early memory node ranges
Mar  6 17:49:17 team5 kernel: [    0.040533]   node   0: [mem 0x0000000000001000-0x000000000009dfff]
Mar  6 17:49:17 team5 kernel: [    0.040535]   node   0: [mem 0x0000000000100000-0x000000003fffffff]
Mar  6 17:49:17 team5 kernel: [    0.040537] Initmem setup node 0 [mem 0x0000000000001000-0x000000003fffffff]
Mar  6 17:49:17 team5 kernel: [    0.040549] On node 0, zone DMA: 1 pages in unavailable ranges
Mar  6 17:49:17 team5 kernel: [    0.040576] On node 0, zone DMA: 98 pages in unavailable ranges
Mar  6 17:49:17 team5 kernel: [    0.045303] ACPI: PM-Timer IO Port: 0xb008
Mar  6 17:49:17 team5 kernel: [    0.045395] IOAPIC[0]: apic_id 1, version 17, address 0xfec00000, GSI 0-47
Mar  6 17:49:17 team5 kernel: [    0.045404] ACPI: INT_SRC_OVR (bus 0 bus_irq 0 global_irq 2 dfl dfl)
Mar  6 17:49:17 team5 kernel: [    0.045408] ACPI: INT_SRC_OVR (bus 0 bus_irq 5 global_irq 5 low level)
Mar  6 17:49:17 team5 kernel: [    0.045411] ACPI: INT_SRC_OVR (bus 0 bus_irq 10 global_irq 10 low level)
Mar  6 17:49:17 team5 kernel: [    0.045415] ACPI: INT_SRC_OVR (bus 0 bus_irq 11 global_irq 11 low level)
Mar  6 17:49:17 team5 kernel: [    0.045427] ACPI: Using ACPI (MADT) for SMP configuration information
Mar  6 17:49:17 team5 kernel: [    0.045430] ACPI: HPET id: 0x8086a201 base: 0xfed00000
Mar  6 17:49:17 team5 kernel: [    0.045435] TSC deadline timer available
Mar  6 17:49:17 team5 kernel: [    0.045443] smpboot: Allowing 15 CPUs, 14 hotplug CPUs
Mar  6 17:49:17 team5 kernel: [    0.045453] PM: hibernation: Registered nosave memory: [mem 0x00000000-0x00000fff]
Mar  6 17:49:17 team5 kernel: [    0.045456] PM: hibernation: Registered nosave memory: [mem 0x0009e000-0x0009ffff]
Mar  6 17:49:17 team5 kernel: [    0.045457] PM: hibernation: Registered nosave memory: [mem 0x000a0000-0x000dffff]
Mar  6 17:49:17 team5 kernel: [    0.045459] PM: hibernation: Registered nosave memory: [mem 0x000e0000-0x000fffff]
Mar  6 17:49:17 team5 kernel: [    0.045462] [mem 0x40000000-0xfbffffff] available for PCI devices
Mar  6 17:49:17 team5 kernel: [    0.045464] Booting paravirtualized kernel on Xen HVM
Mar  6 17:49:17 team5 kernel: [    0.045467] clocksource: refined-jiffies: mask: 0xffffffff max_cycles: 0xffffffff, max_idle_ns: 7645519600211568 ns
Mar  6 17:49:17 team5 kernel: [    0.045475] setup_percpu: NR_CPUS:8192 nr_cpumask_bits:15 nr_cpu_ids:15 nr_node_ids:1
Mar  6 17:49:17 team5 kernel: [    0.046281] percpu: Embedded 60 pages/cpu s208896 r8192 d28672 u262144
Mar  6 17:49:17 team5 kernel: [    0.046288] pcpu-alloc: s208896 r8192 d28672 u262144 alloc=1*2097152
Mar  6 17:49:17 team5 kernel: [    0.046291] pcpu-alloc: [0] 00 01 02 03 04 05 06 07 [0] 08 09 10 11 12 13 14 -- 
Mar  6 17:49:17 team5 kernel: [    0.046327] xen: PV spinlocks enabled
Mar  6 17:49:17 team5 kernel: [    0.046329] PV qspinlock hash table entries: 256 (order: 0, 4096 bytes, linear)
Mar  6 17:49:17 team5 kernel: [    0.046336] Built 1 zonelists, mobility grouping on.  Total pages: 257792
Mar  6 17:49:17 team5 kernel: [    0.046338] Policy zone: DMA32
Mar  6 17:49:17 team5 kernel: [    0.046340] Kernel command line: BOOT_IMAGE=/boot/vmlinuz-5.15.0-1031-aws root=PARTUUID=b6f09fc9-a0ef-4282-a149-e9c131355c9f ro console=tty1 console=ttyS0 nvme_core.io_timeout=4294967295 panic=-1
Mar  6 17:49:17 team5 kernel: [    0.046413] Unknown kernel command line parameters "BOOT_IMAGE=/boot/vmlinuz-5.15.0-1031-aws", will be passed to user space.
Mar  6 17:49:17 team5 kernel: [    0.046563] Dentry cache hash table entries: 131072 (order: 8, 1048576 bytes, linear)
Mar  6 17:49:17 team5 kernel: [    0.046643] Inode-cache hash table entries: 65536 (order: 7, 524288 bytes, linear)
Mar  6 17:49:17 team5 kernel: [    0.046813] mem auto-init: stack:off, heap alloc:on, heap free:off
Mar  6 17:49:17 team5 kernel: [    0.049456] Memory: 973644K/1048180K available (16393K kernel code, 4382K rwdata, 10852K rodata, 3240K init, 6560K bss, 74276K reserved, 0K cma-reserved)
Mar  6 17:49:17 team5 kernel: [    0.049813] SLUB: HWalign=64, Order=0-3, MinObjects=0, CPUs=15, Nodes=1
Mar  6 17:49:17 team5 kernel: [    0.049833] Kernel/User page tables isolation: enabled
Mar  6 17:49:17 team5 kernel: [    0.049853] ftrace: allocating 50241 entries in 197 pages
Mar  6 17:49:17 team5 kernel: [    0.076833] ftrace: allocated 197 pages with 4 groups
Mar  6 17:49:17 team5 kernel: [    0.077049] rcu: Hierarchical RCU implementation.
Mar  6 17:49:17 team5 kernel: [    0.077051] rcu: 	RCU restricting CPUs from NR_CPUS=8192 to nr_cpu_ids=15.
Mar  6 17:49:17 team5 kernel: [    0.077053] 	Rude variant of Tasks RCU enabled.
Mar  6 17:49:17 team5 kernel: [    0.077054] 	Tracing variant of Tasks RCU enabled.
Mar  6 17:49:17 team5 kernel: [    0.077055] rcu: RCU calculated value of scheduler-enlistment delay is 25 jiffies.
Mar  6 17:49:17 team5 kernel: [    0.077057] rcu: Adjusting geometry for rcu_fanout_leaf=16, nr_cpu_ids=15
Mar  6 17:49:17 team5 kernel: [    0.081955] NR_IRQS: 524544, nr_irqs: 952, preallocated irqs: 16
Mar  6 17:49:17 team5 kernel: [    0.081991] xen:events: Using 2-level ABI
Mar  6 17:49:17 team5 kernel: [    0.082050] xen:events: Xen HVM callback vector for event delivery is enabled
Mar  6 17:49:17 team5 kernel: [    0.082204] random: crng init done
Mar  6 17:49:17 team5 kernel: [    0.182739] Console: colour VGA+ 80x25
Mar  6 17:49:17 team5 kernel: [    0.301088] printk: console [tty1] enabled
Mar  6 17:49:17 team5 kernel: [    0.301934] Cannot get hvm parameter CONSOLE_EVTCHN (18): -22!
Mar  6 17:49:17 team5 kernel: [    1.432428] printk: console [ttyS0] enabled
Mar  6 17:49:17 team5 kernel: [    1.437827] ACPI: Core revision 20210730
Mar  6 17:49:17 team5 kernel: [    1.448258] clocksource: hpet: mask: 0xffffffff max_cycles: 0xffffffff, max_idle_ns: 30580167144 ns
Mar  6 17:49:17 team5 kernel: [    1.464444] APIC: Switch to symmetric I/O mode setup
Mar  6 17:49:17 team5 kernel: [    1.470074] x2apic: IRQ remapping doesn't support X2APIC mode
Mar  6 17:49:17 team5 kernel: [    1.476488] Switched APIC routing to physical flat.
Mar  6 17:49:17 team5 kernel: [    1.486326] ..TIMER: vector=0x30 apic1=0 pin1=2 apic2=0 pin2=0
Mar  6 17:49:17 team5 kernel: [    1.520466] clocksource: tsc-early: mask: 0xffffffffffffffff max_cycles: 0x22983b44418, max_idle_ns: 440795259572 ns
Mar  6 17:49:17 team5 kernel: [    1.533130] Calibrating delay loop (skipped), value calculated using timer frequency.. 4800.00 BogoMIPS (lpj=9600016)
Mar  6 17:49:17 team5 kernel: [    1.541128] pid_max: default: 32768 minimum: 301
Mar  6 17:49:17 team5 kernel: [    1.549183] LSM: Security Framework initializing
Mar  6 17:49:17 team5 kernel: [    1.553148] landlock: Up and running.
Mar  6 17:49:17 team5 kernel: [    1.561127] Yama: becoming mindful.
Mar  6 17:49:17 team5 kernel: [    1.565168] AppArmor: AppArmor initialized
Mar  6 17:49:17 team5 kernel: [    1.569179] Mount-cache hash table entries: 2048 (order: 2, 16384 bytes, linear)
Mar  6 17:49:17 team5 kernel: [    1.581133] Mountpoint-cache hash table entries: 2048 (order: 2, 16384 bytes, linear)
Mar  6 17:49:17 team5 kernel: [    1.589539] Last level iTLB entries: 4KB 1024, 2MB 1024, 4MB 1024
Mar  6 17:49:17 team5 kernel: [    1.617129] Last level dTLB entries: 4KB 1024, 2MB 1024, 4MB 1024, 1GB 4
Mar  6 17:49:17 team5 kernel: [    1.625134] Spectre V1 : Mitigation: usercopy/swapgs barriers and __user pointer sanitization
Mar  6 17:49:17 team5 kernel: [    1.645129] Spectre V2 : Mitigation: Retpolines
Mar  6 17:49:17 team5 kernel: [    1.661128] Spectre V2 : Spectre v2 / SpectreRSB mitigation: Filling RSB on context switch
Mar  6 17:49:17 team5 kernel: [    1.681128] Spectre V2 : Spectre v2 / SpectreRSB : Filling RSB on VMEXIT
Mar  6 17:49:17 team5 kernel: [    1.689127] Speculative Store Bypass: Vulnerable
Mar  6 17:49:17 team5 kernel: [    1.693138] MDS: Vulnerable: Clear CPU buffers attempted, no microcode
Mar  6 17:49:17 team5 kernel: [    1.701126] MMIO Stale Data: Vulnerable: Clear CPU buffers attempted, no microcode
Mar  6 17:49:17 team5 kernel: [    1.737785] clocksource: xen: mask: 0xffffffffffffffff max_cycles: 0x1cd42e4dffb, max_idle_ns: 881590591483 ns
Mar  6 17:49:17 team5 kernel: [    1.817149] Xen: using vcpuop timer interface
Mar  6 17:49:17 team5 kernel: [    1.817158] installing Xen timer for CPU 0
Mar  6 17:49:17 team5 kernel: [    1.821214] smpboot: CPU0: Intel(R) Xeon(R) CPU E5-2676 v3 @ 2.40GHz (family: 0x6, model: 0x3f, stepping: 0x2)
Mar  6 17:49:17 team5 kernel: [    1.825181] cpu 0 spinlock event irq 53
Mar  6 17:49:17 team5 kernel: [    1.829358] Performance Events: unsupported p6 CPU model 63 no PMU driver, software events only.
Mar  6 17:49:17 team5 kernel: [    1.833199] rcu: Hierarchical SRCU implementation.
Mar  6 17:49:17 team5 kernel: [    1.837622] NMI watchdog: Perf NMI watchdog permanently disabled
Mar  6 17:49:17 team5 kernel: [    1.841381] smp: Bringing up secondary CPUs ...
Mar  6 17:49:17 team5 kernel: [    1.845138] smp: Brought up 1 node, 1 CPU
Mar  6 17:49:17 team5 kernel: [    1.848223] smpboot: Max logical packages: 15
Mar  6 17:49:17 team5 kernel: [    1.849136] smpboot: Total of 1 processors activated (4800.00 BogoMIPS)
Mar  6 17:49:17 team5 kernel: [    1.857432] devtmpfs: initialized
Mar  6 17:49:17 team5 kernel: [    1.861148] x86/mm: Memory block size: 128MB
Mar  6 17:49:17 team5 kernel: [    1.865475] clocksource: jiffies: mask: 0xffffffff max_cycles: 0xffffffff, max_idle_ns: 7645041785100000 ns
Mar  6 17:49:17 team5 kernel: [    1.869209] futex hash table entries: 4096 (order: 6, 262144 bytes, linear)
Mar  6 17:49:17 team5 kernel: [    1.873240] pinctrl core: initialized pinctrl subsystem
Mar  6 17:49:17 team5 kernel: [    1.877281] PM: RTC time: 17:49:03, date: 2023-03-06
Mar  6 17:49:17 team5 kernel: [    1.881343] NET: Registered PF_NETLINK/PF_ROUTE protocol family
Mar  6 17:49:17 team5 kernel: [    1.885275] DMA: preallocated 128 KiB GFP_KERNEL pool for atomic allocations
Mar  6 17:49:17 team5 kernel: [    1.889157] DMA: preallocated 128 KiB GFP_KERNEL|GFP_DMA pool for atomic allocations
Mar  6 17:49:17 team5 kernel: [    1.893157] DMA: preallocated 128 KiB GFP_KERNEL|GFP_DMA32 pool for atomic allocations
Mar  6 17:49:17 team5 kernel: [    1.897155] audit: initializing netlink subsys (disabled)
Mar  6 17:49:17 team5 kernel: [    1.901374] thermal_sys: Registered thermal governor 'fair_share'
Mar  6 17:49:17 team5 kernel: [    1.901376] thermal_sys: Registered thermal governor 'bang_bang'
Mar  6 17:49:17 team5 kernel: [    1.905140] audit: type=2000 audit(1678124942.959:1): state=initialized audit_enabled=0 res=1
Mar  6 17:49:17 team5 kernel: [    1.913139] thermal_sys: Registered thermal governor 'step_wise'
Mar  6 17:49:17 team5 kernel: [    1.913141] thermal_sys: Registered thermal governor 'user_space'
Mar  6 17:49:17 team5 kernel: [    1.917133] thermal_sys: Registered thermal governor 'power_allocator'
Mar  6 17:49:17 team5 kernel: [    1.921165] EISA bus registered
Mar  6 17:49:17 team5 kernel: [    1.928548] cpuidle: using governor ladder
Mar  6 17:49:17 team5 kernel: [    1.929133] cpuidle: using governor menu
Mar  6 17:49:17 team5 kernel: [    1.933037] ACPI: bus type PCI registered
Mar  6 17:49:17 team5 kernel: [    1.933133] acpiphp: ACPI Hot Plug PCI Controller Driver version: 0.5
Mar  6 17:49:17 team5 kernel: [    1.937820] PCI: Using configuration type 1 for base access
Mar  6 17:49:17 team5 kernel: [    1.942539] Kprobes globally optimized
Mar  6 17:49:17 team5 kernel: [    1.945286] HugeTLB registered 2.00 MiB page size, pre-allocated 0 pages
Mar  6 17:49:17 team5 kernel: [    1.950158] ACPI: Added _OSI(Module Device)
Mar  6 17:49:17 team5 kernel: [    1.953173] ACPI: Added _OSI(Processor Device)
Mar  6 17:49:17 team5 kernel: [    1.957194] ACPI: Added _OSI(3.0 _SCP Extensions)
Mar  6 17:49:17 team5 kernel: [    1.961157] ACPI: Added _OSI(Processor Aggregator Device)
Mar  6 17:49:17 team5 kernel: [    1.965147] ACPI: Added _OSI(Linux-Dell-Video)
Mar  6 17:49:17 team5 kernel: [    1.969132] ACPI: Added _OSI(Linux-Lenovo-NV-HDMI-Audio)
Mar  6 17:49:17 team5 kernel: [    1.973135] ACPI: Added _OSI(Linux-HPI-Hybrid-Graphics)
Mar  6 17:49:17 team5 kernel: [    1.985710] ACPI: 3 ACPI AML tables successfully acquired and loaded
Mar  6 17:49:17 team5 kernel: [    1.989845] xen: --> pirq=16 -> irq=9 (gsi=9)
Mar  6 17:49:17 team5 kernel: [    1.991293] ACPI: Interpreter enabled
Mar  6 17:49:17 team5 kernel: [    1.993144] ACPI: PM: (supports S0 S4 S5)
Mar  6 17:49:17 team5 kernel: [    1.996645] ACPI: Using IOAPIC for interrupt routing
Mar  6 17:49:17 team5 kernel: [    1.997165] PCI: Using host bridge windows from ACPI; if necessary, use "pci=nocrs" and report a bug
Mar  6 17:49:17 team5 kernel: [    2.001132] PCI: Using E820 reservations for host bridge windows
Mar  6 17:49:17 team5 kernel: [    2.005610] ACPI: Enabled 2 GPEs in block 00 to 0F
Mar  6 17:49:17 team5 kernel: [    2.041348] ACPI: PCI Root Bridge [PCI0] (domain 0000 [bus 00-ff])
Mar  6 17:49:17 team5 kernel: [    2.045143] acpi PNP0A03:00: _OSC: OS supports [ASPM ClockPM Segments MSI EDR HPX-Type3]
Mar  6 17:49:17 team5 kernel: [    2.049155] acpi PNP0A03:00: fail to add MMCONFIG information, can't access extended PCI configuration space under this bridge.
Mar  6 17:49:17 team5 kernel: [    2.054874] acpiphp: Slot [0] registered
Mar  6 17:49:17 team5 kernel: [    2.061750] acpiphp: Slot [3] registered
Mar  6 17:49:17 team5 kernel: [    2.065777] acpiphp: Slot [4] registered
Mar  6 17:49:17 team5 kernel: [    2.073464] acpiphp: Slot [5] registered
Mar  6 17:49:17 team5 kernel: [    2.077794] acpiphp: Slot [6] registered
Mar  6 17:49:17 team5 kernel: [    2.082063] acpiphp: Slot [7] registered
Mar  6 17:49:17 team5 kernel: [    2.085733] acpiphp: Slot [8] registered
Mar  6 17:49:17 team5 kernel: [    2.089712] acpiphp: Slot [9] registered
Mar  6 17:49:17 team5 kernel: [    2.093729] acpiphp: Slot [10] registered
Mar  6 17:49:17 team5 kernel: [    2.097765] acpiphp: Slot [11] registered
Mar  6 17:49:17 team5 kernel: [    2.101908] acpiphp: Slot [12] registered
Mar  6 17:49:17 team5 kernel: [    2.105854] acpiphp: Slot [13] registered
Mar  6 17:49:17 team5 kernel: [    2.109784] acpiphp: Slot [14] registered
Mar  6 17:49:17 team5 kernel: [    2.113773] acpiphp: Slot [15] registered
Mar  6 17:49:17 team5 kernel: [    2.117790] acpiphp: Slot [16] registered
Mar  6 17:49:17 team5 kernel: [    2.121827] acpiphp: Slot [17] registered
Mar  6 17:49:17 team5 kernel: [    2.125813] acpiphp: Slot [18] registered
Mar  6 17:49:17 team5 kernel: [    2.129782] acpiphp: Slot [19] registered
Mar  6 17:49:17 team5 kernel: [    2.133729] acpiphp: Slot [20] registered
Mar  6 17:49:17 team5 kernel: [    2.137800] acpiphp: Slot [21] registered
Mar  6 17:49:17 team5 kernel: [    2.141785] acpiphp: Slot [22] registered
Mar  6 17:49:17 team5 kernel: [    2.145850] acpiphp: Slot [23] registered
Mar  6 17:49:17 team5 kernel: [    2.149903] acpiphp: Slot [24] registered
Mar  6 17:49:17 team5 kernel: [    2.153684] acpiphp: Slot [25] registered
Mar  6 17:49:17 team5 kernel: [    2.157732] acpiphp: Slot [26] registered
Mar  6 17:49:17 team5 kernel: [    2.161923] acpiphp: Slot [27] registered
Mar  6 17:49:17 team5 kernel: [    2.165810] acpiphp: Slot [28] registered
Mar  6 17:49:17 team5 kernel: [    2.169793] acpiphp: Slot [29] registered
Mar  6 17:49:17 team5 kernel: [    2.173987] acpiphp: Slot [30] registered
Mar  6 17:49:17 team5 kernel: [    2.177829] acpiphp: Slot [31] registered
Mar  6 17:49:17 team5 kernel: [    2.181757] PCI host bridge to bus 0000:00
Mar  6 17:49:17 team5 kernel: [    2.185135] pci_bus 0000:00: root bus resource [bus 00-ff]
Mar  6 17:49:17 team5 kernel: [    2.189134] pci_bus 0000:00: root bus resource [io  0x0000-0x0cf7 window]
Mar  6 17:49:17 team5 kernel: [    2.193134] pci_bus 0000:00: root bus resource [io  0x0d00-0xffff window]
Mar  6 17:49:17 team5 kernel: [    2.197133] pci_bus 0000:00: root bus resource [mem 0x000a0000-0x000bffff window]
Mar  6 17:49:17 team5 kernel: [    2.201131] pci_bus 0000:00: root bus resource [mem 0xf0000000-0xfbffffff window]
Mar  6 17:49:17 team5 kernel: [    2.206231] pci 0000:00:00.0: [8086:1237] type 00 class 0x060000
Mar  6 17:49:17 team5 kernel: [    2.213455] pci 0000:00:01.0: [8086:7000] type 00 class 0x060100
Mar  6 17:49:17 team5 kernel: [    2.222959] pci 0000:00:01.1: [8086:7010] type 00 class 0x010180
Mar  6 17:49:17 team5 kernel: [    2.228472] pci 0000:00:01.1: reg 0x20: [io  0xc100-0xc10f]
Mar  6 17:49:17 team5 kernel: [    2.230196] pci 0000:00:01.1: legacy IDE quirk: reg 0x10: [io  0x01f0-0x01f7]
Mar  6 17:49:17 team5 kernel: [    2.233132] pci 0000:00:01.1: legacy IDE quirk: reg 0x14: [io  0x03f6]
Mar  6 17:49:17 team5 kernel: [    2.237134] pci 0000:00:01.1: legacy IDE quirk: reg 0x18: [io  0x0170-0x0177]
Mar  6 17:49:17 team5 kernel: [    2.241134] pci 0000:00:01.1: legacy IDE quirk: reg 0x1c: [io  0x0376]
Mar  6 17:49:17 team5 kernel: [    2.247040] * Found PM-Timer Bug on the chipset. Due to workarounds for a bug,
Mar  6 17:49:17 team5 kernel: [    2.247040] * this clock source is slow. Consider trying other clock sources
Mar  6 17:49:17 team5 kernel: [    2.249138] pci 0000:00:01.3: [8086:7113] type 00 class 0x068000
Mar  6 17:49:17 team5 kernel: [    2.256554] pci 0000:00:01.3: quirk: [io  0xb000-0xb03f] claimed by PIIX4 ACPI
Mar  6 17:49:17 team5 kernel: [    2.259991] pci 0000:00:02.0: [1013:00b8] type 00 class 0x030000
Mar  6 17:49:17 team5 kernel: [    2.262089] pci 0000:00:02.0: reg 0x10: [mem 0xf0000000-0xf1ffffff pref]
Mar  6 17:49:17 team5 kernel: [    2.265624] pci 0000:00:02.0: reg 0x14: [mem 0xf3000000-0xf3000fff]
Mar  6 17:49:17 team5 kernel: [    2.274010] pci 0000:00:02.0: Video device with shadowed ROM at [mem 0x000c0000-0x000dffff]
Mar  6 17:49:17 team5 kernel: [    2.282329] pci 0000:00:03.0: [5853:0001] type 00 class 0xff8000
Mar  6 17:49:17 team5 kernel: [    2.286292] pci 0000:00:03.0: reg 0x10: [io  0xc000-0xc0ff]
Mar  6 17:49:17 team5 kernel: [    2.289660] pci 0000:00:03.0: reg 0x14: [mem 0xf2000000-0xf2ffffff pref]
Mar  6 17:49:17 team5 kernel: [    2.305347] ACPI: PCI: Interrupt link LNKA configured for IRQ 5
Mar  6 17:49:17 team5 kernel: [    2.309520] ACPI: PCI: Interrupt link LNKB configured for IRQ 10
Mar  6 17:49:17 team5 kernel: [    2.313581] ACPI: PCI: Interrupt link LNKC configured for IRQ 11
Mar  6 17:49:17 team5 kernel: [    2.317535] ACPI: PCI: Interrupt link LNKD configured for IRQ 5
Mar  6 17:49:17 team5 kernel: [    2.336019] xen:balloon: Initialising balloon driver
Mar  6 17:49:17 team5 kernel: [    2.337240] iommu: Default domain type: Translated 
Mar  6 17:49:17 team5 kernel: [    2.341134] iommu: DMA domain TLB invalidation policy: lazy mode 
Mar  6 17:49:17 team5 kernel: [    2.345346] SCSI subsystem initialized
Mar  6 17:49:17 team5 kernel: [    2.349192] libata version 3.00 loaded.
Mar  6 17:49:17 team5 kernel: [    2.349296] pci 0000:00:02.0: vgaarb: setting as boot VGA device
Mar  6 17:49:17 team5 kernel: [    2.353125] pci 0000:00:02.0: vgaarb: VGA device added: decodes=io+mem,owns=io+mem,locks=none
Mar  6 17:49:17 team5 kernel: [    2.353133] pci 0000:00:02.0: vgaarb: bridge control possible
Mar  6 17:49:17 team5 kernel: [    2.357134] vgaarb: loaded
Mar  6 17:49:17 team5 kernel: [    2.359885] ACPI: bus type USB registered
Mar  6 17:49:17 team5 kernel: [    2.361161] usbcore: registered new interface driver usbfs
Mar  6 17:49:17 team5 kernel: [    2.365149] usbcore: registered new interface driver hub
Mar  6 17:49:17 team5 kernel: [    2.369151] usbcore: registered new device driver usb
Mar  6 17:49:17 team5 kernel: [    2.373165] pps_core: LinuxPPS API ver. 1 registered
Mar  6 17:49:17 team5 kernel: [    2.377133] pps_core: Software ver. 5.3.6 - Copyright 2005-2007 Rodolfo Giometti <giometti@linux.it>
Mar  6 17:49:17 team5 kernel: [    2.381150] PTP clock support registered
Mar  6 17:49:17 team5 kernel: [    2.385238] EDAC MC: Ver: 3.0.0
Mar  6 17:49:17 team5 kernel: [    2.389653] NetLabel: Initializing
Mar  6 17:49:17 team5 kernel: [    2.393133] NetLabel:  domain hash size = 128
Mar  6 17:49:17 team5 kernel: [    2.397130] NetLabel:  protocols = UNLABELED CIPSOv4 CALIPSO
Mar  6 17:49:17 team5 kernel: [    2.401173] NetLabel:  unlabeled traffic allowed by default
Mar  6 17:49:17 team5 kernel: [    2.405199] PCI: Using ACPI for IRQ routing
Mar  6 17:49:17 team5 kernel: [    2.409125] PCI: pci_cache_line_size set to 64 bytes
Mar  6 17:49:17 team5 kernel: [    2.409940] e820: reserve RAM buffer [mem 0x0009e000-0x0009ffff]
Mar  6 17:49:17 team5 kernel: [    2.411320] hpet: 3 channels of 0 reserved for per-cpu timers
Mar  6 17:49:17 team5 kernel: [    2.413145] hpet0: at MMIO 0xfed00000, IRQs 2, 8, 0
Mar  6 17:49:17 team5 kernel: [    2.417136] hpet0: 3 comparators, 64-bit 62.500000 MHz counter
Mar  6 17:49:17 team5 kernel: [    2.423223] clocksource: Switched to clocksource xen
Mar  6 17:49:17 team5 kernel: [    2.437474] VFS: Disk quotas dquot_6.6.0
Mar  6 17:49:17 team5 kernel: [    2.447529] VFS: Dquot-cache hash table entries: 512 (order 0, 4096 bytes)
Mar  6 17:49:17 team5 kernel: [    2.454597] AppArmor: AppArmor Filesystem Enabled
Mar  6 17:49:17 team5 kernel: [    2.459183] pnp: PnP ACPI init
Mar  6 17:49:17 team5 kernel: [    2.463713] system 00:00: [mem 0x00000000-0x0009ffff] could not be reserved
Mar  6 17:49:17 team5 kernel: [    2.471714] system 00:01: [io  0x08a0-0x08a3] has been reserved
Mar  6 17:49:17 team5 kernel: [    2.482421] system 00:01: [io  0x0cc0-0x0ccf] has been reserved
Mar  6 17:49:17 team5 kernel: [    2.489449] system 00:01: [io  0x04d0-0x04d1] has been reserved
Mar  6 17:49:17 team5 kernel: [    2.500358] xen: --> pirq=17 -> irq=8 (gsi=8)
Mar  6 17:49:17 team5 kernel: [    2.500422] xen: --> pirq=18 -> irq=12 (gsi=12)
Mar  6 17:49:17 team5 kernel: [    2.500465] xen: --> pirq=19 -> irq=1 (gsi=1)
Mar  6 17:49:17 team5 kernel: [    2.500502] xen: --> pirq=20 -> irq=6 (gsi=6)
Mar  6 17:49:17 team5 kernel: [    2.500505] pnp 00:05: [dma 2]
Mar  6 17:49:17 team5 kernel: [    2.500565] xen: --> pirq=21 -> irq=4 (gsi=4)
Mar  6 17:49:17 team5 kernel: [    2.500677] system 00:07: [io  0x10c0-0x1141] has been reserved
Mar  6 17:49:17 team5 kernel: [    2.511528] system 00:07: [io  0xb044-0xb047] has been reserved
Mar  6 17:49:17 team5 kernel: [    2.530693] pnp: PnP ACPI: found 8 devices
Mar  6 17:49:17 team5 kernel: [    2.540761] clocksource: acpi_pm: mask: 0xffffff max_cycles: 0xffffff, max_idle_ns: 2085701024 ns
Mar  6 17:49:17 team5 kernel: [    2.566626] NET: Registered PF_INET protocol family
Mar  6 17:49:17 team5 kernel: [    2.571910] IP idents hash table entries: 16384 (order: 5, 131072 bytes, linear)
Mar  6 17:49:17 team5 kernel: [    2.587005] tcp_listen_portaddr_hash hash table entries: 512 (order: 1, 8192 bytes, linear)
Mar  6 17:49:17 team5 kernel: [    2.597759] Table-perturb hash table entries: 65536 (order: 6, 262144 bytes, linear)
Mar  6 17:49:17 team5 kernel: [    2.604837] TCP established hash table entries: 8192 (order: 4, 65536 bytes, linear)
Mar  6 17:49:17 team5 kernel: [    2.612709] TCP bind hash table entries: 8192 (order: 5, 131072 bytes, linear)
Mar  6 17:49:17 team5 kernel: [    2.625628] TCP: Hash tables configured (established 8192 bind 8192)
Mar  6 17:49:17 team5 kernel: [    2.632779] MPTCP token hash table entries: 1024 (order: 2, 24576 bytes, linear)
Mar  6 17:49:17 team5 kernel: [    2.639887] UDP hash table entries: 512 (order: 2, 16384 bytes, linear)
Mar  6 17:49:17 team5 kernel: [    2.647909] UDP-Lite hash table entries: 512 (order: 2, 16384 bytes, linear)
Mar  6 17:49:17 team5 kernel: [    2.668949] NET: Registered PF_UNIX/PF_LOCAL protocol family
Mar  6 17:49:17 team5 kernel: [    2.676090] NET: Registered PF_XDP protocol family
Mar  6 17:49:17 team5 kernel: [    2.682305] pci_bus 0000:00: resource 4 [io  0x0000-0x0cf7 window]
Mar  6 17:49:17 team5 kernel: [    2.689663] pci_bus 0000:00: resource 5 [io  0x0d00-0xffff window]
Mar  6 17:49:17 team5 kernel: [    2.697047] pci_bus 0000:00: resource 6 [mem 0x000a0000-0x000bffff window]
Mar  6 17:49:17 team5 kernel: [    2.704168] pci_bus 0000:00: resource 7 [mem 0xf0000000-0xfbffffff window]
Mar  6 17:49:17 team5 kernel: [    2.713635] pci 0000:00:01.0: PIIX3: Enabling Passive Release
Mar  6 17:49:17 team5 kernel: [    2.719666] pci 0000:00:00.0: Limiting direct PCI/PCI transfers
Mar  6 17:49:17 team5 kernel: [    2.727408] pci 0000:00:01.0: Activating ISA DMA hang workarounds
Mar  6 17:49:17 team5 kernel: [    2.746245] pci 0000:00:01.0: quirk_isa_dma_hangs+0x0/0x20 took 18394 usecs
Mar  6 17:49:17 team5 kernel: [    2.754351] PCI: CLS 0 bytes, default 64
Mar  6 17:49:17 team5 kernel: [    2.758715] Trying to unpack rootfs image as initramfs...
Mar  6 17:49:17 team5 kernel: [    2.764266] clocksource: tsc: mask: 0xffffffffffffffff max_cycles: 0x22983b44418, max_idle_ns: 440795259572 ns
Mar  6 17:49:17 team5 kernel: [    2.779900] Freeing initrd memory: 6776K
Mar  6 17:49:17 team5 kernel: [    2.787014] Initialise system trusted keyrings
Mar  6 17:49:17 team5 kernel: [    2.792909] Key type blacklist registered
Mar  6 17:49:17 team5 kernel: [    2.797507] workingset: timestamp_bits=36 max_order=18 bucket_order=0
Mar  6 17:49:17 team5 kernel: [    3.053536] zbud: loaded
Mar  6 17:49:17 team5 kernel: [    3.058221] squashfs: version 4.0 (2009/01/31) Phillip Lougher
Mar  6 17:49:17 team5 kernel: [    3.062905] fuse: init (API version 7.34)
Mar  6 17:49:17 team5 kernel: [    3.066819] integrity: Platform Keyring initialized
Mar  6 17:49:17 team5 kernel: [    3.094627] Key type asymmetric registered
Mar  6 17:49:17 team5 kernel: [    3.099958] Asymmetric key parser 'x509' registered
Mar  6 17:49:17 team5 kernel: [    3.103599] Block layer SCSI generic (bsg) driver version 0.4 loaded (major 243)
Mar  6 17:49:17 team5 kernel: [    3.120049] io scheduler mq-deadline registered
Mar  6 17:49:17 team5 kernel: [    3.124150] shpchp: Standard Hot Plug PCI Controller Driver version: 0.4
Mar  6 17:49:17 team5 kernel: [    3.130233] input: Power Button as /devices/LNXSYSTM:00/LNXPWRBN:00/input/input0
Mar  6 17:49:17 team5 kernel: [    3.138557] ACPI: button: Power Button [PWRF]
Mar  6 17:49:17 team5 kernel: [    3.144623] input: Sleep Button as /devices/LNXSYSTM:00/LNXSLPBN:00/input/input1
Mar  6 17:49:17 team5 kernel: [    3.150916] ACPI: button: Sleep Button [SLPF]
Mar  6 17:49:17 team5 kernel: [    3.165000] xen: --> pirq=22 -> irq=28 (gsi=28)
Mar  6 17:49:17 team5 kernel: [    3.165234] xen:grant_table: Grant tables using version 1 layout
Mar  6 17:49:17 team5 kernel: [    3.171898] Grant table initialized
Mar  6 17:49:17 team5 kernel: [    3.175728] Cannot get hvm parameter CONSOLE_EVTCHN (18): -22!
Mar  6 17:49:17 team5 kernel: [    3.190528] Serial: 8250/16550 driver, 4 ports, IRQ sharing enabled
Mar  6 17:49:17 team5 kernel: [    3.253323] 00:06: ttyS0 at I/O 0x3f8 (irq = 4, base_baud = 115200) is a 16550A
Mar  6 17:49:17 team5 kernel: [    3.314984] Linux agpgart interface v0.103
Mar  6 17:49:17 team5 kernel: [    3.323517] loop: module loaded
Mar  6 17:49:17 team5 kernel: [    3.332817] Invalid max_queues (4), will use default max: 1.
Mar  6 17:49:17 team5 kernel: [    3.348093] ata_piix 0000:00:01.1: version 2.13
Mar  6 17:49:17 team5 kernel: [    3.349027] scsi host0: ata_piix
Mar  6 17:49:17 team5 kernel: [    3.352214] scsi host1: ata_piix
Mar  6 17:49:17 team5 kernel: [    3.355375] ata1: PATA max MWDMA2 cmd 0x1f0 ctl 0x3f6 bmdma 0xc100 irq 14
Mar  6 17:49:17 team5 kernel: [    3.361519] ata2: PATA max MWDMA2 cmd 0x170 ctl 0x376 bmdma 0xc108 irq 15
Mar  6 17:49:17 team5 kernel: [    3.374552] tun: Universal TUN/TAP device driver, 1.6
Mar  6 17:49:17 team5 kernel: [    3.382714] PPP generic driver version 2.4.2
Mar  6 17:49:17 team5 kernel: [    3.409317] xen_netfront: Initialising Xen virtual ethernet driver
Mar  6 17:49:17 team5 kernel: [    3.427276] VFIO - User Level meta-driver version: 0.3
Mar  6 17:49:17 team5 kernel: [    3.466106] ehci_hcd: USB 2.0 'Enhanced' Host Controller (EHCI) Driver
Mar  6 17:49:17 team5 kernel: [    3.472558] ehci-pci: EHCI PCI platform driver
Mar  6 17:49:17 team5 kernel: [    3.494291] ehci-platform: EHCI generic platform driver
Mar  6 17:49:17 team5 kernel: [    3.502832] ohci_hcd: USB 1.1 'Open' Host Controller (OHCI) Driver
Mar  6 17:49:17 team5 kernel: [    3.571075] ohci-pci: OHCI PCI platform driver
Mar  6 17:49:17 team5 kernel: [    3.579787] ohci-platform: OHCI generic platform driver
Mar  6 17:49:17 team5 kernel: [    3.598394] uhci_hcd: USB Universal Host Controller Interface driver
Mar  6 17:49:17 team5 kernel: [    3.619707] i8042: PNP: PS/2 Controller [PNP0303:PS2K,PNP0f13:PS2M] at 0x60,0x64 irq 1,12
Mar  6 17:49:17 team5 kernel: [    3.655860] serio: i8042 KBD port at 0x60,0x64 irq 1
Mar  6 17:49:17 team5 kernel: [    3.661398] serio: i8042 AUX port at 0x60,0x64 irq 12
Mar  6 17:49:17 team5 kernel: [    3.668389] mousedev: PS/2 mouse device common for all mice
Mar  6 17:49:17 team5 kernel: [    3.685940] rtc_cmos 00:02: registered as rtc0
Mar  6 17:49:17 team5 kernel: [    3.705301] rtc_cmos 00:02: setting system clock to 2023-03-06T17:49:05 UTC (1678124945)
Mar  6 17:49:17 team5 kernel: [    3.745644] rtc_cmos 00:02: alarms up to one day, 114 bytes nvram, hpet irqs
Mar  6 17:49:17 team5 kernel: [    3.805072] input: AT Translated Set 2 keyboard as /devices/platform/i8042/serio0/input/input2
Mar  6 17:49:17 team5 kernel: [    3.833995] i2c_dev: i2c /dev entries driver
Mar  6 17:49:17 team5 kernel: [    3.840795] device-mapper: core: CONFIG_IMA_DISABLE_HTABLE is disabled. Duplicate IMA measurements will not be recorded in the IMA log.
Mar  6 17:49:17 team5 kernel: [    3.896606] device-mapper: uevent: version 1.0.3
Mar  6 17:49:17 team5 kernel: [    3.902860] device-mapper: ioctl: 4.45.0-ioctl (2021-03-22) initialised: dm-devel@redhat.com
Mar  6 17:49:17 team5 kernel: [    3.948463] platform eisa.0: Probing EISA bus 0
Mar  6 17:49:17 team5 kernel: [    3.954264] platform eisa.0: EISA: Cannot allocate resource for mainboard
Mar  6 17:49:17 team5 kernel: [    3.968944] platform eisa.0: Cannot allocate resource for EISA slot 1
Mar  6 17:49:17 team5 kernel: [    3.979004] platform eisa.0: Cannot allocate resource for EISA slot 2
Mar  6 17:49:17 team5 kernel: [    3.991070] platform eisa.0: Cannot allocate resource for EISA slot 3
Mar  6 17:49:17 team5 kernel: [    4.003835] platform eisa.0: Cannot allocate resource for EISA slot 4
Mar  6 17:49:17 team5 kernel: [    4.012146] platform eisa.0: Cannot allocate resource for EISA slot 5
Mar  6 17:49:17 team5 kernel: [    4.020403] platform eisa.0: Cannot allocate resource for EISA slot 6
Mar  6 17:49:17 team5 kernel: [    4.029534] platform eisa.0: Cannot allocate resource for EISA slot 7
Mar  6 17:49:17 team5 kernel: [    4.075679] platform eisa.0: Cannot allocate resource for EISA slot 8
Mar  6 17:49:17 team5 kernel: [    4.084291] platform eisa.0: EISA: Detected 0 cards
Mar  6 17:49:17 team5 kernel: [    4.091189] intel_pstate: CPU model not supported
Mar  6 17:49:17 team5 kernel: [    4.097879] ledtrig-cpu: registered to indicate activity on CPUs
Mar  6 17:49:17 team5 kernel: [    4.105402] drop_monitor: Initializing network drop monitor service
Mar  6 17:49:17 team5 kernel: [    4.114229] NET: Registered PF_INET6 protocol family
Mar  6 17:49:17 team5 kernel: [    4.122566] blkfront: xvda: barrier or flush: disabled; persistent grants: disabled; indirect descriptors: enabled; bounce buffer: disabled;
Mar  6 17:49:17 team5 kernel: [    4.138021] Segment Routing with IPv6
Mar  6 17:49:17 team5 kernel: [    4.149630] In-situ OAM (IOAM) with IPv6
Mar  6 17:49:17 team5 kernel: [    4.154474] NET: Registered PF_PACKET protocol family
Mar  6 17:49:17 team5 kernel: [    4.159171] Key type dns_resolver registered
Mar  6 17:49:17 team5 kernel: [    4.165351] resctrl: L3 allocation detected
Mar  6 17:49:17 team5 kernel: [    4.169612] IPI shorthand broadcast: enabled
Mar  6 17:49:17 team5 kernel: [    4.186842] sched_clock: Marking stable (2807822015, 1378929073)->(4933197071, -746445983)
Mar  6 17:49:17 team5 kernel: [    4.198652] registered taskstats version 1
Mar  6 17:49:17 team5 kernel: [    4.213730] Loading compiled-in X.509 certificates
Mar  6 17:49:17 team5 kernel: [    4.224210] Loaded X.509 cert 'Build time autogenerated kernel key: 9661695d80a98f99cb2df8c24334d09c0c25f561'
Mar  6 17:49:17 team5 kernel: [    4.249484] Loaded X.509 cert 'Canonical Ltd. Live Patch Signing: 14df34d1a87cf37625abec039ef2bf521249b969'
Mar  6 17:49:17 team5 kernel: [    4.258079] Loaded X.509 cert 'Canonical Ltd. Kernel Module Signing: 88f752e560a1e0737e31163a466ad7b70a850c19'
Mar  6 17:49:17 team5 kernel: [    4.271744] blacklist: Loading compiled-in revocation X.509 certificates
Mar  6 17:49:17 team5 kernel: [    4.278606] Loaded X.509 cert 'Canonical Ltd. Secure Boot Signing: 61482aa2830d0ab2ad5af10b7250da9033ddcef0'
Mar  6 17:49:17 team5 kernel: [    4.289914]  xvda: xvda1 xvda14 xvda15
Mar  6 17:49:17 team5 kernel: [    4.293772] Loaded X.509 cert 'Canonical Ltd. Secure Boot Signing (2017): 242ade75ac4a15e50d50c84b0d45ff3eae707a03'
Mar  6 17:49:17 team5 kernel: [    4.316995] Loaded X.509 cert 'Canonical Ltd. Secure Boot Signing (ESM 2018): 365188c1d374d6b07c3c8f240f8ef722433d6a8b'
Mar  6 17:49:17 team5 kernel: [    4.329616] Loaded X.509 cert 'Canonical Ltd. Secure Boot Signing (2019): c0746fd6c5da3ae827864651ad66ae47fe24b3e8'
Mar  6 17:49:17 team5 kernel: [    4.344941] Loaded X.509 cert 'Canonical Ltd. Secure Boot Signing (2021 v1): a8d54bbb3825cfb94fa13c9f8a594a195c107b8d'
Mar  6 17:49:17 team5 kernel: [    4.354158] Loaded X.509 cert 'Canonical Ltd. Secure Boot Signing (2021 v2): 4cf046892d6fd3c9a5b03f98d845f90851dc6a8c'
Mar  6 17:49:17 team5 kernel: [    4.363587] Loaded X.509 cert 'Canonical Ltd. Secure Boot Signing (2021 v3): 100437bb6de6e469b581e61cd66bce3ef4ed53af'
Mar  6 17:49:17 team5 kernel: [    4.377535] Loaded X.509 cert 'Canonical Ltd. Secure Boot Signing (Ubuntu Core 2019): c1d57b8f6b743f23ee41f4f7ee292f06eecadfb9'
Mar  6 17:49:17 team5 kernel: [    4.387760] zswap: loaded using pool lzo/zbud
Mar  6 17:49:17 team5 kernel: [    4.392220] Key type .fscrypt registered
Mar  6 17:49:17 team5 kernel: [    4.398881] Key type fscrypt-provisioning registered
Mar  6 17:49:17 team5 kernel: [    4.415721] Key type encrypted registered
Mar  6 17:49:17 team5 kernel: [    4.422835] AppArmor: AppArmor sha1 policy hashing enabled
Mar  6 17:49:17 team5 kernel: [    4.431079] ima: No TPM chip found, activating TPM-bypass!
Mar  6 17:49:17 team5 kernel: [    4.440663] Loading compiled-in module X.509 certificates
Mar  6 17:49:17 team5 kernel: [    4.448780] Loaded X.509 cert 'Build time autogenerated kernel key: 9661695d80a98f99cb2df8c24334d09c0c25f561'
Mar  6 17:49:17 team5 kernel: [    4.460700] ima: Allocated hash algorithm: sha1
Mar  6 17:49:17 team5 kernel: [    4.466766] ima: No architecture policies found
Mar  6 17:49:17 team5 kernel: [    4.472306] evm: Initialising EVM extended attributes:
Mar  6 17:49:17 team5 kernel: [    4.488350] evm: security.selinux
Mar  6 17:49:17 team5 kernel: [    4.493127] evm: security.SMACK64
Mar  6 17:49:17 team5 kernel: [    4.497727] evm: security.SMACK64EXEC
Mar  6 17:49:17 team5 kernel: [    4.503952] evm: security.SMACK64TRANSMUTE
Mar  6 17:49:17 team5 kernel: [    4.516412] evm: security.SMACK64MMAP
Mar  6 17:49:17 team5 kernel: [    4.525721] evm: security.apparmor
Mar  6 17:49:17 team5 kernel: [    4.530487] evm: security.ima
Mar  6 17:49:17 team5 kernel: [    4.534571] evm: security.capability
Mar  6 17:49:17 team5 kernel: [    4.539781] evm: HMAC attrs: 0x1
Mar  6 17:49:17 team5 kernel: [    4.544994] PM:   Magic number: 15:23:845
Mar  6 17:49:17 team5 kernel: [    4.553505] acpi device:c6: hash matches
Mar  6 17:49:17 team5 kernel: [    4.559308] RAS: Correctable Errors collector initialized.
Mar  6 17:49:17 team5 kernel: [    4.568577] md: Waiting for all devices to be available before autodetect
Mar  6 17:49:17 team5 kernel: [    4.578695] md: If you don't use raid, use raid=noautodetect
Mar  6 17:49:17 team5 kernel: [    4.588192] md: Autodetecting RAID arrays.
Mar  6 17:49:17 team5 kernel: [    4.594524] md: autorun ...
Mar  6 17:49:17 team5 kernel: [    4.598960] md: ... autorun DONE.
Mar  6 17:49:17 team5 kernel: [    4.614114] EXT4-fs (xvda1): mounted filesystem with ordered data mode. Opts: (null). Quota mode: none.
Mar  6 17:49:17 team5 kernel: [    4.623592] VFS: Mounted root (ext4 filesystem) readonly on device 202:1.
Mar  6 17:49:17 team5 kernel: [    4.630217] devtmpfs: mounted
Mar  6 17:49:17 team5 kernel: [    4.634457] Freeing unused decrypted memory: 2036K
Mar  6 17:49:17 team5 kernel: [    4.641175] Freeing unused kernel image (initmem) memory: 3240K
Mar  6 17:49:17 team5 kernel: [    4.653150] Write protecting the kernel read-only data: 30720k
Mar  6 17:49:17 team5 kernel: [    4.661792] Freeing unused kernel image (text/rodata gap) memory: 2036K
Mar  6 17:49:17 team5 kernel: [    4.668877] Freeing unused kernel image (rodata/data gap) memory: 1436K
Mar  6 17:49:17 team5 kernel: [    4.725521] x86/mm: Checked W+X mappings: passed, no W+X pages found.
Mar  6 17:49:17 team5 kernel: [    4.739041] x86/mm: Checking user space page tables
Mar  6 17:49:17 team5 kernel: [    4.794850] x86/mm: Checked W+X mappings: passed, no W+X pages found.
Mar  6 17:49:17 team5 kernel: [    4.803347] Run /sbin/init as init process
Mar  6 17:49:17 team5 kernel: [    4.818365]   with arguments:
Mar  6 17:49:17 team5 kernel: [    4.818368]     /sbin/init
Mar  6 17:49:17 team5 kernel: [    4.818370]   with environment:
Mar  6 17:49:17 team5 kernel: [    4.818371]     HOME=/
